Archive member included to satisfy reference by file (symbol)

/opt/st/stm32cubeide_1.5.1/plugins/com.st.stm32cube.ide.mcu.externaltools.gnu-tools-for-stm32.7-2018-q2-update.linux64_1.5.0.202011040924/tools/bin/../lib/gcc/arm-none-eabi/7.3.1/../../../../arm-none-eabi/lib/thumb/v7e-m/fpv4-sp/hard/libc_nano.a(lib_a-errno.o)
                              Core/Src/syscalls.o (__errno)
/opt/st/stm32cubeide_1.5.1/plugins/com.st.stm32cube.ide.mcu.externaltools.gnu-tools-for-stm32.7-2018-q2-update.linux64_1.5.0.202011040924/tools/bin/../lib/gcc/arm-none-eabi/7.3.1/../../../../arm-none-eabi/lib/thumb/v7e-m/fpv4-sp/hard/libc_nano.a(lib_a-exit.o)
                              /opt/st/stm32cubeide_1.5.1/plugins/com.st.stm32cube.ide.mcu.externaltools.gnu-tools-for-stm32.7-2018-q2-update.linux64_1.5.0.202011040924/tools/bin/../lib/gcc/arm-none-eabi/7.3.1/../../../../arm-none-eabi/lib/thumb/v7e-m/fpv4-sp/hard/crt0.o (exit)
/opt/st/stm32cubeide_1.5.1/plugins/com.st.stm32cube.ide.mcu.externaltools.gnu-tools-for-stm32.7-2018-q2-update.linux64_1.5.0.202011040924/tools/bin/../lib/gcc/arm-none-eabi/7.3.1/../../../../arm-none-eabi/lib/thumb/v7e-m/fpv4-sp/hard/libc_nano.a(lib_a-impure.o)
                              /opt/st/stm32cubeide_1.5.1/plugins/com.st.stm32cube.ide.mcu.externaltools.gnu-tools-for-stm32.7-2018-q2-update.linux64_1.5.0.202011040924/tools/bin/../lib/gcc/arm-none-eabi/7.3.1/../../../../arm-none-eabi/lib/thumb/v7e-m/fpv4-sp/hard/libc_nano.a(lib_a-exit.o) (_global_impure_ptr)
/opt/st/stm32cubeide_1.5.1/plugins/com.st.stm32cube.ide.mcu.externaltools.gnu-tools-for-stm32.7-2018-q2-update.linux64_1.5.0.202011040924/tools/bin/../lib/gcc/arm-none-eabi/7.3.1/../../../../arm-none-eabi/lib/thumb/v7e-m/fpv4-sp/hard/libc_nano.a(lib_a-init.o)
                              /opt/st/stm32cubeide_1.5.1/plugins/com.st.stm32cube.ide.mcu.externaltools.gnu-tools-for-stm32.7-2018-q2-update.linux64_1.5.0.202011040924/tools/bin/../lib/gcc/arm-none-eabi/7.3.1/../../../../arm-none-eabi/lib/thumb/v7e-m/fpv4-sp/hard/crt0.o (__libc_init_array)
/opt/st/stm32cubeide_1.5.1/plugins/com.st.stm32cube.ide.mcu.externaltools.gnu-tools-for-stm32.7-2018-q2-update.linux64_1.5.0.202011040924/tools/bin/../lib/gcc/arm-none-eabi/7.3.1/../../../../arm-none-eabi/lib/thumb/v7e-m/fpv4-sp/hard/libc_nano.a(lib_a-memset.o)
                              /opt/st/stm32cubeide_1.5.1/plugins/com.st.stm32cube.ide.mcu.externaltools.gnu-tools-for-stm32.7-2018-q2-update.linux64_1.5.0.202011040924/tools/bin/../lib/gcc/arm-none-eabi/7.3.1/../../../../arm-none-eabi/lib/thumb/v7e-m/fpv4-sp/hard/crt0.o (memset)
/opt/st/stm32cubeide_1.5.1/plugins/com.st.stm32cube.ide.mcu.externaltools.gnu-tools-for-stm32.7-2018-q2-update.linux64_1.5.0.202011040924/tools/bin/../lib/gcc/arm-none-eabi/7.3.1/../../../../arm-none-eabi/lib/thumb/v7e-m/fpv4-sp/hard/libc_nano.a(lib_a-sprintf.o)
                              Core/Src/main.o (sprintf)
/opt/st/stm32cubeide_1.5.1/plugins/com.st.stm32cube.ide.mcu.externaltools.gnu-tools-for-stm32.7-2018-q2-update.linux64_1.5.0.202011040924/tools/bin/../lib/gcc/arm-none-eabi/7.3.1/../../../../arm-none-eabi/lib/thumb/v7e-m/fpv4-sp/hard/libc_nano.a(lib_a-strlen.o)
                              Core/Src/main.o (strlen)
/opt/st/stm32cubeide_1.5.1/plugins/com.st.stm32cube.ide.mcu.externaltools.gnu-tools-for-stm32.7-2018-q2-update.linux64_1.5.0.202011040924/tools/bin/../lib/gcc/arm-none-eabi/7.3.1/../../../../arm-none-eabi/lib/thumb/v7e-m/fpv4-sp/hard/libc_nano.a(lib_a-nano-svfprintf.o)
                              /opt/st/stm32cubeide_1.5.1/plugins/com.st.stm32cube.ide.mcu.externaltools.gnu-tools-for-stm32.7-2018-q2-update.linux64_1.5.0.202011040924/tools/bin/../lib/gcc/arm-none-eabi/7.3.1/../../../../arm-none-eabi/lib/thumb/v7e-m/fpv4-sp/hard/libc_nano.a(lib_a-sprintf.o) (_svfprintf_r)
/opt/st/stm32cubeide_1.5.1/plugins/com.st.stm32cube.ide.mcu.externaltools.gnu-tools-for-stm32.7-2018-q2-update.linux64_1.5.0.202011040924/tools/bin/../lib/gcc/arm-none-eabi/7.3.1/../../../../arm-none-eabi/lib/thumb/v7e-m/fpv4-sp/hard/libc_nano.a(lib_a-nano-vfprintf_i.o)
                              /opt/st/stm32cubeide_1.5.1/plugins/com.st.stm32cube.ide.mcu.externaltools.gnu-tools-for-stm32.7-2018-q2-update.linux64_1.5.0.202011040924/tools/bin/../lib/gcc/arm-none-eabi/7.3.1/../../../../arm-none-eabi/lib/thumb/v7e-m/fpv4-sp/hard/libc_nano.a(lib_a-nano-svfprintf.o) (_printf_i)
/opt/st/stm32cubeide_1.5.1/plugins/com.st.stm32cube.ide.mcu.externaltools.gnu-tools-for-stm32.7-2018-q2-update.linux64_1.5.0.202011040924/tools/bin/../lib/gcc/arm-none-eabi/7.3.1/../../../../arm-none-eabi/lib/thumb/v7e-m/fpv4-sp/hard/libc_nano.a(lib_a-memchr.o)
                              /opt/st/stm32cubeide_1.5.1/plugins/com.st.stm32cube.ide.mcu.externaltools.gnu-tools-for-stm32.7-2018-q2-update.linux64_1.5.0.202011040924/tools/bin/../lib/gcc/arm-none-eabi/7.3.1/../../../../arm-none-eabi/lib/thumb/v7e-m/fpv4-sp/hard/libc_nano.a(lib_a-nano-svfprintf.o) (memchr)
[...]
Memory Configuration

Name             Origin             Length             Attributes
CCMRAM           0x0000000010000000 0x0000000000002000 xrw
RAM              0x0000000020000000 0x000000000000a000 xrw
FLASH            0x0000000008000000 0x0000000000040000 xr
*default*        0x0000000000000000 0xffffffffffffffff

Linker script and memory map

LOAD /opt/st/stm32cubeide_1.5.1/plugins/com.st.stm32cube.ide.mcu.externaltools.gnu-tools-for-stm32.7-2018-q2-update.linux64_1.5.0.202011040924/tools/bin/../lib/gcc/arm-none-eabi/7.3.1/thumb/v7e-m/fpv4-sp/hard/crti.o
LOAD /opt/st/stm32cubeide_1.5.1/plugins/com.st.stm32cube.ide.mcu.externaltools.gnu-tools-for-stm32.7-2018-q2-update.linux64_1.5.0.202011040924/tools/bin/../lib/gcc/arm-none-eabi/7.3.1/thumb/v7e-m/fpv4-sp/hard/crtbegin.o
LOAD /opt/st/stm32cubeide_1.5.1/plugins/com.st.stm32cube.ide.mcu.externaltools.gnu-tools-for-stm32.7-2018-q2-update.linux64_1.5.0.202011040924/tools/bin/../lib/gcc/arm-none-eabi/7.3.1/../../../../arm-none-eabi/lib/thumb/v7e-m/fpv4-sp/hard/crt0.o
LOAD Core/Src/gpio.o
LOAD Core/Src/i2c.o
LOAD Core/Src/i3g4250d.o
LOAD Core/Src/l3gd20.o
LOAD Core/Src/main.o
LOAD Core/Src/spi.o
LOAD Core/Src/stm32f3_discovery.o
LOAD Core/Src/stm32f3_discovery_gyroscope.o
LOAD Core/Src/stm32f3xx_hal_msp.o
LOAD Core/Src/stm32f3xx_it.o
LOAD Core/Src/syscalls.o
LOAD Core/Src/sysmem.o
LOAD Core/Src/system_stm32f3xx.o
LOAD Core/Startup/startup_stm32f303vctx.o
LOAD Drivers/STM32F3xx_HAL_Driver/Src/stm32f3xx_hal.o
LOAD Drivers/STM32F3xx_HAL_Driver/Src/stm32f3xx_hal_cortex.o
LOAD Drivers/STM32F3xx_HAL_Driver/Src/stm32f3xx_hal_dma.o
LOAD Drivers/STM32F3xx_HAL_Driver/Src/stm32f3xx_hal_exti.o
LOAD Drivers/STM32F3xx_HAL_Driver/Src/stm32f3xx_hal_flash.o
LOAD Drivers/STM32F3xx_HAL_Driver/Src/stm32f3xx_hal_flash_ex.o
LOAD Drivers/STM32F3xx_HAL_Driver/Src/stm32f3xx_hal_gpio.o
LOAD Drivers/STM32F3xx_HAL_Driver/Src/stm32f3xx_hal_i2c.o
LOAD Drivers/STM32F3xx_HAL_Driver/Src/stm32f3xx_hal_i2c_ex.o
LOAD Drivers/STM32F3xx_HAL_Driver/Src/stm32f3xx_hal_pcd.o
LOAD Drivers/STM32F3xx_HAL_Driver/Src/stm32f3xx_hal_pcd_ex.o
LOAD Drivers/STM32F3xx_HAL_Driver/Src/stm32f3xx_hal_pwr.o
LOAD Drivers/STM32F3xx_HAL_Driver/Src/stm32f3xx_hal_pwr_ex.o
LOAD Drivers/STM32F3xx_HAL_Driver/Src/stm32f3xx_hal_rcc.o
LOAD Drivers/STM32F3xx_HAL_Driver/Src/stm32f3xx_hal_rcc_ex.o
LOAD Drivers/STM32F3xx_HAL_Driver/Src/stm32f3xx_hal_spi.o
LOAD Drivers/STM32F3xx_HAL_Driver/Src/stm32f3xx_hal_spi_ex.o
LOAD Drivers/STM32F3xx_HAL_Driver/Src/stm32f3xx_hal_tim.o
LOAD Drivers/STM32F3xx_HAL_Driver/Src/stm32f3xx_hal_tim_ex.o
LOAD Drivers/STM32F3xx_HAL_Driver/Src/stm32f3xx_ll_usb.o
LOAD Middlewares/ST/STM32_USB_Device_Library/Class/CDC/Src/usbd_cdc.o
LOAD Middlewares/ST/STM32_USB_Device_Library/Core/Src/usbd_core.o
LOAD Middlewares/ST/STM32_USB_Device_Library/Core/Src/usbd_ctlreq.o
LOAD Middlewares/ST/STM32_USB_Device_Library/Core/Src/usbd_ioreq.o
LOAD USB_DEVICE/App/usb_device.o
LOAD USB_DEVICE/App/usbd_cdc_if.o
LOAD USB_DEVICE/App/usbd_desc.o
LOAD USB_DEVICE/Target/usbd_conf.o
START GROUP
LOAD /opt/st/stm32cubeide_1.5.1/plugins/com.st.stm32cube.ide.mcu.externaltools.gnu-tools-for-stm32.7-2018-q2-update.linux64_1.5.0.202011040924/tools/bin/../lib/gcc/arm-none-eabi/7.3.1/../../../../arm-none-eabi/lib/thumb/v7e-m/fpv4-sp/hard/libc_nano.a
LOAD /opt/st/stm32cubeide_1.5.1/plugins/com.st.stm32cube.ide.mcu.externaltools.gnu-tools-for-stm32.7-2018-q2-update.linux64_1.5.0.202011040924/tools/bin/../lib/gcc/arm-none-eabi/7.3.1/../../../../arm-none-eabi/lib/thumb/v7e-m/fpv4-sp/hard/libm.a
END GROUP
START GROUP
LOAD /opt/st/stm32cubeide_1.5.1/plugins/com.st.stm32cube.ide.mcu.externaltools.gnu-tools-for-stm32.7-2018-q2-update.linux64_1.5.0.202011040924/tools/bin/../lib/gcc/arm-none-eabi/7.3.1/thumb/v7e-m/fpv4-sp/hard/libgcc.a
LOAD /opt/st/stm32cubeide_1.5.1/plugins/com.st.stm32cube.ide.mcu.externaltools.gnu-tools-for-stm32.7-2018-q2-update.linux64_1.5.0.202011040924/tools/bin/../lib/gcc/arm-none-eabi/7.3.1/../../../../arm-none-eabi/lib/thumb/v7e-m/fpv4-sp/hard/libc_nano.a
END GROUP
START GROUP
LOAD /opt/st/stm32cubeide_1.5.1/plugins/com.st.stm32cube.ide.mcu.externaltools.gnu-tools-for-stm32.7-2018-q2-update.linux64_1.5.0.202011040924/tools/bin/../lib/gcc/arm-none-eabi/7.3.1/thumb/v7e-m/fpv4-sp/hard/libgcc.a
LOAD /opt/st/stm32cubeide_1.5.1/plugins/com.st.stm32cube.ide.mcu.externaltools.gnu-tools-for-stm32.7-2018-q2-update.linux64_1.5.0.202011040924/tools/bin/../lib/gcc/arm-none-eabi/7.3.1/../../../../arm-none-eabi/lib/thumb/v7e-m/fpv4-sp/hard/libc_nano.a
LOAD /opt/st/stm32cubeide_1.5.1/plugins/com.st.stm32cube.ide.mcu.externaltools.gnu-tools-for-stm32.7-2018-q2-update.linux64_1.5.0.202011040924/tools/bin/../lib/gcc/arm-none-eabi/7.3.1/../../../../arm-none-eabi/lib/thumb/v7e-m/fpv4-sp/hard/libnosys.a
END GROUP
START GROUP
LOAD /opt/st/stm32cubeide_1.5.1/plugins/com.st.stm32cube.ide.mcu.externaltools.gnu-tools-for-stm32.7-2018-q2-update.linux64_1.5.0.202011040924/tools/bin/../lib/gcc/arm-none-eabi/7.3.1/thumb/v7e-m/fpv4-sp/hard/libgcc.a
LOAD /opt/st/stm32cubeide_1.5.1/plugins/com.st.stm32cube.ide.mcu.externaltools.gnu-tools-for-stm32.7-2018-q2-update.linux64_1.5.0.202011040924/tools/bin/../lib/gcc/arm-none-eabi/7.3.1/../../../../arm-none-eabi/lib/thumb/v7e-m/fpv4-sp/hard/libc_nano.a
LOAD /opt/st/stm32cubeide_1.5.1/plugins/com.st.stm32cube.ide.mcu.externaltools.gnu-tools-for-stm32.7-2018-q2-update.linux64_1.5.0.202011040924/tools/bin/../lib/gcc/arm-none-eabi/7.3.1/../../../../arm-none-eabi/lib/thumb/v7e-m/fpv4-sp/hard/libnosys.a
END GROUP
LOAD /opt/st/stm32cubeide_1.5.1/plugins/com.st.stm32cube.ide.mcu.externaltools.gnu-tools-for-stm32.7-2018-q2-update.linux64_1.5.0.202011040924/tools/bin/../lib/gcc/arm-none-eabi/7.3.1/thumb/v7e-m/fpv4-sp/hard/crtend.o
LOAD /opt/st/stm32cubeide_1.5.1/plugins/com.st.stm32cube.ide.mcu.externaltools.gnu-tools-for-stm32.7-2018-q2-update.linux64_1.5.0.202011040924/tools/bin/../lib/gcc/arm-none-eabi/7.3.1/thumb/v7e-m/fpv4-sp/hard/crtn.o
                0x000000002000a000                _estack = (ORIGIN (RAM) + LENGTH (RAM))
                0x0000000000002000                _Min_Heap_Size = 0x2000
                0x0000000000004000                _Min_Stack_Size = 0x4000

.isr_vector     0x0000000008000000      0x188
                0x0000000008000000                . = ALIGN (0x4)
 *(.isr_vector)
 .isr_vector    0x0000000008000000      0x188 Core/Startup/startup_stm32f303vctx.o
                0x0000000008000000                g_pfnVectors
                0x0000000008000188                . = ALIGN (0x4)

.text           0x0000000008000190     0xb7b8
                0x0000000008000190                . = ALIGN (0x4)
 *(.text)
 .text          0x0000000008000190       0x40 /opt/st/stm32cubeide_1.5.1/plugins/com.st.stm32cube.ide.mcu.externaltools.gnu-tools-for-stm32.7-2018-q2-update.linux64_1.5.0.202011040924/tools/bin/../lib/gcc/arm-none-eabi/7.3.1/thumb/v7e-m/fpv4-sp/hard/crtbegin.o
 .text          0x00000000080001d0       0x10 /opt/st/stm32cubeide_1.5.1/plugins/com.st.stm32cube.ide.mcu.externaltools.gnu-tools-for-stm32.7-2018-q2-update.linux64_1.5.0.202011040924/tools/bin/../lib/gcc/arm-none-eabi/7.3.1/../../../../arm-none-eabi/lib/thumb/v7e-m/fpv4-sp/hard/libc_nano.a(lib_a-strlen.o)
                0x00000000080001d0                strlen
 .text          0x00000000080001e0       0xa0 /opt/st/stm32cubeide_1.5.1/plugins/com.st.stm32cube.ide.mcu.externaltools.gnu-tools-for-stm32.7-2018-q2-update.linux64_1.5.0.202011040924/tools/bin/../lib/gcc/arm-none-eabi/7.3.1/../../../../arm-none-eabi/lib/thumb/v7e-m/fpv4-sp/hard/libc_nano.a(lib_a-memchr.o)
                0x00000000080001e0                memchr
 *(.text*)
 .text.MX_GPIO_Init
                0x0000000008000280       0xe4 Core/Src/gpio.o
                0x0000000008000280                MX_GPIO_Init
 .text.MX_I2C1_Init
                0x0000000008000364       0x7c Core/Src/i2c.o
                0x0000000008000364                MX_I2C1_Init
 .text.HAL_I2C_MspInit
                0x00000000080003e0       0x88 Core/Src/i2c.o
                0x00000000080003e0                HAL_I2C_MspInit
 .text.I3G4250D_Init
                0x0000000008000468       0x46 Core/Src/i3g4250d.o
                0x0000000008000468                I3G4250D_Init
 .text.I3G4250D_DeInit
                0x00000000080004ae        0xe Core/Src/i3g4250d.o
                0x00000000080004ae                I3G4250D_DeInit
 .text.I3G4250D_ReadID
                0x00000000080004bc       0x20 Core/Src/i3g4250d.o
                0x00000000080004bc                I3G4250D_ReadID
 .text.I3G4250D_RebootCmd
                0x00000000080004dc       0x30 Core/Src/i3g4250d.o
                0x00000000080004dc                I3G4250D_RebootCmd
 .text.I3G4250D_LowPower
                0x000000000800050c       0x2a Core/Src/i3g4250d.o
                0x000000000800050c                I3G4250D_LowPower
 .text.I3G4250D_INT1InterruptConfig
                0x0000000008000536       0x86 Core/Src/i3g4250d.o
                0x0000000008000536                I3G4250D_INT1InterruptConfig
 .text.I3G4250D_EnableIT
                0x00000000080005bc       0x64 Core/Src/i3g4250d.o
                0x00000000080005bc                I3G4250D_EnableIT
 .text.I3G4250D_DisableIT
                0x0000000008000620       0x58 Core/Src/i3g4250d.o
                0x0000000008000620                I3G4250D_DisableIT
 .text.I3G4250D_FilterConfig
                0x0000000008000678       0x42 Core/Src/i3g4250d.o
                0x0000000008000678                I3G4250D_FilterConfig
 .text.I3G4250D_FilterCmd
                0x00000000080006ba       0x42 Core/Src/i3g4250d.o
                0x00000000080006ba                I3G4250D_FilterCmd
 .text.I3G4250D_ReadXYZAngRate
                0x00000000080006fc      0x160 Core/Src/i3g4250d.o
                0x00000000080006fc                I3G4250D_ReadXYZAngRate
 .text.L3GD20_Init
                0x000000000800085c       0x46 Core/Src/l3gd20.o
                0x000000000800085c                L3GD20_Init
 .text.L3GD20_DeInit
                0x00000000080008a2        0xe Core/Src/l3gd20.o
                0x00000000080008a2                L3GD20_DeInit
 .text.L3GD20_ReadID
                0x00000000080008b0       0x20 Core/Src/l3gd20.o
                0x00000000080008b0                L3GD20_ReadID
 .text.L3GD20_RebootCmd
                0x00000000080008d0       0x30 Core/Src/l3gd20.o
                0x00000000080008d0                L3GD20_RebootCmd
 .text.L3GD20_LowPower
                0x0000000008000900       0x2a Core/Src/l3gd20.o
                0x0000000008000900                L3GD20_LowPower
 .text.L3GD20_INT1InterruptConfig
                0x000000000800092a       0x86 Core/Src/l3gd20.o
                0x000000000800092a                L3GD20_INT1InterruptConfig
 .text.L3GD20_EnableIT
                0x00000000080009b0       0x64 Core/Src/l3gd20.o
                0x00000000080009b0                L3GD20_EnableIT
 .text.L3GD20_DisableIT
                0x0000000008000a14       0x58 Core/Src/l3gd20.o
                0x0000000008000a14                L3GD20_DisableIT
 .text.L3GD20_FilterConfig
                0x0000000008000a6c       0x42 Core/Src/l3gd20.o
                0x0000000008000a6c                L3GD20_FilterConfig
 .text.L3GD20_FilterCmd
                0x0000000008000aae       0x42 Core/Src/l3gd20.o
                0x0000000008000aae                L3GD20_FilterCmd
 .text.L3GD20_ReadXYZAngRate
                0x0000000008000af0      0x160 Core/Src/l3gd20.o
                0x0000000008000af0                L3GD20_ReadXYZAngRate
 .text.error    0x0000000008000c50       0x24 Core/Src/main.o
                0x0000000008000c50                error
 .text.success  0x0000000008000c74       0x24 Core/Src/main.o
                0x0000000008000c74                success
 .text.I2C_Read
                0x0000000008000c98       0x58 Core/Src/main.o
 .text.I2C_Write
                0x0000000008000cf0       0x54 Core/Src/main.o
 .text.I2C_ReadID
                0x0000000008000d44       0x26 Core/Src/main.o
                0x0000000008000d44                I2C_ReadID
 .text.Accel_Ini
                0x0000000008000d6a       0x62 Core/Src/main.o
                0x0000000008000d6a                Accel_Ini
 .text.Accel_GetXYZ
                0x0000000008000dcc       0x9c Core/Src/main.o
                0x0000000008000dcc                Accel_GetXYZ
 .text.Mag_Ini  0x0000000008000e68       0x52 Core/Src/main.o
                0x0000000008000e68                Mag_Ini
 *fill*         0x0000000008000eba        0x2 
 .text.Mag_GetXYZ
                0x0000000008000ebc       0x88 Core/Src/main.o
                0x0000000008000ebc                Mag_GetXYZ
 .text.main     0x0000000008000f44      0x1ec Core/Src/main.o
                0x0000000008000f44                main
 .text.SystemClock_Config
                0x0000000008001130       0xc0 Core/Src/main.o
                0x0000000008001130                SystemClock_Config
 .text.MX_NVIC_Init
                0x00000000080011f0       0x38 Core/Src/main.o
 .text.HAL_GPIO_EXTI_Callback
                0x0000000008001228       0x44 Core/Src/main.o
                0x0000000008001228                HAL_GPIO_EXTI_Callback
 .text.Error_Handler
                0x000000000800126c        0xe Core/Src/main.o
                0x000000000800126c                Error_Handler
 .text.assert_failed
                0x000000000800127a       0x16 Core/Src/main.o
                0x000000000800127a                assert_failed
 .text.MX_SPI1_Init
                0x0000000008001290       0x7c Core/Src/spi.o
                0x0000000008001290                MX_SPI1_Init
 .text.HAL_SPI_MspInit
                0x000000000800130c       0x84 Core/Src/spi.o
                0x000000000800130c                HAL_SPI_MspInit
 .text.HAL_SPI_MspDeInit
                0x0000000008001390       0x38 Core/Src/spi.o
                0x0000000008001390                HAL_SPI_MspDeInit
 .text.SPIx_Init
                0x00000000080013c8       0x78 Core/Src/stm32f3_discovery.o
 .text.SPIx_WriteRead
                0x0000000008001440       0x40 Core/Src/stm32f3_discovery.o
 .text.SPIx_Error
                0x0000000008001480       0x18 Core/Src/stm32f3_discovery.o
 .text.SPIx_MspInit
                0x0000000008001498       0x68 Core/Src/stm32f3_discovery.o
 .text.GYRO_IO_Init
                0x0000000008001500       0x8c Core/Src/stm32f3_discovery.o
                0x0000000008001500                GYRO_IO_Init
 .text.GYRO_IO_Write
                0x000000000800158c       0x64 Core/Src/stm32f3_discovery.o
                0x000000000800158c                GYRO_IO_Write
 .text.GYRO_IO_Read
                0x00000000080015f0       0x74 Core/Src/stm32f3_discovery.o
                0x00000000080015f0                GYRO_IO_Read
 .text.BSP_GYRO_Init
                0x0000000008001664      0x16c Core/Src/stm32f3_discovery_gyroscope.o
                0x0000000008001664                BSP_GYRO_Init
 .text.BSP_GYRO_EnableIT
                0x00000000080017d0       0x2c Core/Src/stm32f3_discovery_gyroscope.o
                0x00000000080017d0                BSP_GYRO_EnableIT
 .text.BSP_GYRO_DisableIT
                0x00000000080017fc       0x2c Core/Src/stm32f3_discovery_gyroscope.o
                0x00000000080017fc                BSP_GYRO_DisableIT
 .text.BSP_GYRO_GetXYZ
                0x0000000008001828       0x28 Core/Src/stm32f3_discovery_gyroscope.o
                0x0000000008001828                BSP_GYRO_GetXYZ
 .text.HAL_MspInit
                0x0000000008001850       0x48 Core/Src/stm32f3xx_hal_msp.o
                0x0000000008001850                HAL_MspInit
 .text.NMI_Handler
                0x0000000008001898        0xe Core/Src/stm32f3xx_it.o
                0x0000000008001898                NMI_Handler
 .text.HardFault_Handler
                0x00000000080018a6        0x6 Core/Src/stm32f3xx_it.o
                0x00000000080018a6                HardFault_Handler
 .text.MemManage_Handler
                0x00000000080018ac        0x6 Core/Src/stm32f3xx_it.o
                0x00000000080018ac                MemManage_Handler
 .text.BusFault_Handler
                0x00000000080018b2        0x6 Core/Src/stm32f3xx_it.o
                0x00000000080018b2                BusFault_Handler
 .text.UsageFault_Handler
                0x00000000080018b8        0x6 Core/Src/stm32f3xx_it.o
                0x00000000080018b8                UsageFault_Handler
 .text.SVC_Handler
                0x00000000080018be        0xe Core/Src/stm32f3xx_it.o
                0x00000000080018be                SVC_Handler
 .text.DebugMon_Handler
                0x00000000080018cc        0xe Core/Src/stm32f3xx_it.o
                0x00000000080018cc                DebugMon_Handler
 .text.PendSV_Handler
                0x00000000080018da        0xe Core/Src/stm32f3xx_it.o
                0x00000000080018da                PendSV_Handler
 .text.SysTick_Handler
                0x00000000080018e8        0xc Core/Src/stm32f3xx_it.o
                0x00000000080018e8                SysTick_Handler
 .text.EXTI1_IRQHandler
                0x00000000080018f4        0xe Core/Src/stm32f3xx_it.o
                0x00000000080018f4                EXTI1_IRQHandler
 .text.EXTI2_TSC_IRQHandler
                0x0000000008001902        0xe Core/Src/stm32f3xx_it.o
                0x0000000008001902                EXTI2_TSC_IRQHandler
 .text.EXTI4_IRQHandler
                0x0000000008001910        0xe Core/Src/stm32f3xx_it.o
                0x0000000008001910                EXTI4_IRQHandler
 *fill*         0x000000000800191e        0x2 
 .text.USB_LP_CAN_RX0_IRQHandler
                0x0000000008001920       0x14 Core/Src/stm32f3xx_it.o
                0x0000000008001920                USB_LP_CAN_RX0_IRQHandler
 .text._sbrk    0x0000000008001934       0x58 Core/Src/sysmem.o
                0x0000000008001934                _sbrk
 .text.SystemInit
                0x000000000800198c       0x2c Core/Src/system_stm32f3xx.o
                0x000000000800198c                SystemInit
 .text.Reset_Handler
                0x00000000080019b8       0x50 Core/Startup/startup_stm32f303vctx.o
                0x00000000080019b8                Reset_Handler
 .text.Default_Handler
                0x0000000008001a08        0x2 Core/Startup/startup_stm32f303vctx.o
                0x0000000008001a08                RTC_Alarm_IRQHandler
                0x0000000008001a08                TIM8_TRG_COM_IRQHandler
                0x0000000008001a08                TIM8_CC_IRQHandler
                0x0000000008001a08                TIM1_CC_IRQHandler
                0x0000000008001a08                USB_HP_IRQHandler
                0x0000000008001a08                PVD_IRQHandler
                0x0000000008001a08                TAMP_STAMP_IRQHandler
                0x0000000008001a08                EXTI3_IRQHandler
                0x0000000008001a08                USB_HP_CAN_TX_IRQHandler
                0x0000000008001a08                EXTI0_IRQHandler
                0x0000000008001a08                I2C2_EV_IRQHandler
                0x0000000008001a08                FPU_IRQHandler
                0x0000000008001a08                TIM1_UP_TIM16_IRQHandler
                0x0000000008001a08                ADC1_2_IRQHandler
                0x0000000008001a08                SPI1_IRQHandler
                0x0000000008001a08                CAN_SCE_IRQHandler
                0x0000000008001a08                TIM6_DAC_IRQHandler
                0x0000000008001a08                TIM8_UP_IRQHandler
                0x0000000008001a08                DMA2_Channel2_IRQHandler
                0x0000000008001a08                DMA1_Channel4_IRQHandler
                0x0000000008001a08                USART3_IRQHandler
                0x0000000008001a08                DMA1_Channel7_IRQHandler
                0x0000000008001a08                UART5_IRQHandler
                0x0000000008001a08                ADC3_IRQHandler
                0x0000000008001a08                TIM4_IRQHandler
                0x0000000008001a08                CAN_RX1_IRQHandler
                0x0000000008001a08                DMA2_Channel1_IRQHandler
                0x0000000008001a08                I2C1_EV_IRQHandler
                0x0000000008001a08                DMA1_Channel6_IRQHandler
                0x0000000008001a08                UART4_IRQHandler
                0x0000000008001a08                DMA2_Channel4_IRQHandler
                0x0000000008001a08                TIM3_IRQHandler
                0x0000000008001a08                RCC_IRQHandler
                0x0000000008001a08                DMA1_Channel1_IRQHandler
                0x0000000008001a08                Default_Handler
                0x0000000008001a08                USBWakeUp_RMP_IRQHandler
                0x0000000008001a08                EXTI15_10_IRQHandler
                0x0000000008001a08                TIM7_IRQHandler
                0x0000000008001a08                EXTI9_5_IRQHandler
                0x0000000008001a08                RTC_WKUP_IRQHandler
                0x0000000008001a08                SPI2_IRQHandler
                0x0000000008001a08                DMA2_Channel5_IRQHandler
                0x0000000008001a08                DMA1_Channel5_IRQHandler
                0x0000000008001a08                USB_LP_IRQHandler
                0x0000000008001a08                TIM1_TRG_COM_TIM17_IRQHandler
                0x0000000008001a08                DMA1_Channel3_IRQHandler
                0x0000000008001a08                ADC4_IRQHandler
                0x0000000008001a08                WWDG_IRQHandler
                0x0000000008001a08                TIM2_IRQHandler
                0x0000000008001a08                COMP7_IRQHandler
                0x0000000008001a08                COMP1_2_3_IRQHandler
                0x0000000008001a08                USART2_IRQHandler
                0x0000000008001a08                COMP4_5_6_IRQHandler
                0x0000000008001a08                I2C2_ER_IRQHandler
                0x0000000008001a08                DMA1_Channel2_IRQHandler
                0x0000000008001a08                TIM8_BRK_IRQHandler
                0x0000000008001a08                FLASH_IRQHandler
                0x0000000008001a08                USART1_IRQHandler
                0x0000000008001a08                SPI3_IRQHandler
                0x0000000008001a08                I2C1_ER_IRQHandler
                0x0000000008001a08                USBWakeUp_IRQHandler
                0x0000000008001a08                DMA2_Channel3_IRQHandler
                0x0000000008001a08                TIM1_BRK_TIM15_IRQHandler
 *fill*         0x0000000008001a0a        0x2 
 .text.HAL_Init
                0x0000000008001a0c       0x2c Drivers/STM32F3xx_HAL_Driver/Src/stm32f3xx_hal.o
                0x0000000008001a0c                HAL_Init
 .text.HAL_InitTick
                0x0000000008001a38       0x60 Drivers/STM32F3xx_HAL_Driver/Src/stm32f3xx_hal.o
                0x0000000008001a38                HAL_InitTick
 .text.HAL_IncTick
                0x0000000008001a98       0x28 Drivers/STM32F3xx_HAL_Driver/Src/stm32f3xx_hal.o
                0x0000000008001a98                HAL_IncTick
 .text.HAL_GetTick
                0x0000000008001ac0       0x18 Drivers/STM32F3xx_HAL_Driver/Src/stm32f3xx_hal.o
                0x0000000008001ac0                HAL_GetTick
 .text.HAL_Delay
                0x0000000008001ad8       0x44 Drivers/STM32F3xx_HAL_Driver/Src/stm32f3xx_hal.o
                0x0000000008001ad8                HAL_Delay
 .text.__NVIC_SetPriorityGrouping
                0x0000000008001b1c       0x48 Drivers/STM32F3xx_HAL_Driver/Src/stm32f3xx_hal_cortex.o
 .text.__NVIC_GetPriorityGrouping
                0x0000000008001b64       0x1c Drivers/STM32F3xx_HAL_Driver/Src/stm32f3xx_hal_cortex.o
 .text.__NVIC_EnableIRQ
                0x0000000008001b80       0x3c Drivers/STM32F3xx_HAL_Driver/Src/stm32f3xx_hal_cortex.o
 .text.__NVIC_DisableIRQ
                0x0000000008001bbc       0x44 Drivers/STM32F3xx_HAL_Driver/Src/stm32f3xx_hal_cortex.o
 .text.__NVIC_SetPriority
                0x0000000008001c00       0x54 Drivers/STM32F3xx_HAL_Driver/Src/stm32f3xx_hal_cortex.o
 .text.NVIC_EncodePriority
                0x0000000008001c54       0x66 Drivers/STM32F3xx_HAL_Driver/Src/stm32f3xx_hal_cortex.o
 *fill*         0x0000000008001cba        0x2 
 .text.SysTick_Config
                0x0000000008001cbc       0x44 Drivers/STM32F3xx_HAL_Driver/Src/stm32f3xx_hal_cortex.o
 .text.HAL_NVIC_SetPriorityGrouping
                0x0000000008001d00       0x40 Drivers/STM32F3xx_HAL_Driver/Src/stm32f3xx_hal_cortex.o
                0x0000000008001d00                HAL_NVIC_SetPriorityGrouping
 .text.HAL_NVIC_SetPriority
                0x0000000008001d40       0x58 Drivers/STM32F3xx_HAL_Driver/Src/stm32f3xx_hal_cortex.o
                0x0000000008001d40                HAL_NVIC_SetPriority
 .text.HAL_NVIC_EnableIRQ
                0x0000000008001d98       0x30 Drivers/STM32F3xx_HAL_Driver/Src/stm32f3xx_hal_cortex.o
                0x0000000008001d98                HAL_NVIC_EnableIRQ
 .text.HAL_NVIC_DisableIRQ
                0x0000000008001dc8       0x30 Drivers/STM32F3xx_HAL_Driver/Src/stm32f3xx_hal_cortex.o
                0x0000000008001dc8                HAL_NVIC_DisableIRQ
 .text.HAL_SYSTICK_Config
                0x0000000008001df8       0x18 Drivers/STM32F3xx_HAL_Driver/Src/stm32f3xx_hal_cortex.o
                0x0000000008001df8                HAL_SYSTICK_Config
 .text.HAL_GPIO_Init
                0x0000000008001e10      0x494 Drivers/STM32F3xx_HAL_Driver/Src/stm32f3xx_hal_gpio.o
                0x0000000008001e10                HAL_GPIO_Init
 .text.HAL_GPIO_DeInit
                0x00000000080022a4      0x210 Drivers/STM32F3xx_HAL_Driver/Src/stm32f3xx_hal_gpio.o
                0x00000000080022a4                HAL_GPIO_DeInit
 .text.HAL_GPIO_WritePin
                0x00000000080024b4       0x60 Drivers/STM32F3xx_HAL_Driver/Src/stm32f3xx_hal_gpio.o
                0x00000000080024b4                HAL_GPIO_WritePin
 .text.HAL_GPIO_EXTI_IRQHandler
                0x0000000008002514       0x30 Drivers/STM32F3xx_HAL_Driver/Src/stm32f3xx_hal_gpio.o
                0x0000000008002514                HAL_GPIO_EXTI_IRQHandler
 .text.HAL_I2C_Init
                0x0000000008002544      0x228 Drivers/STM32F3xx_HAL_Driver/Src/stm32f3xx_hal_i2c.o
                0x0000000008002544                HAL_I2C_Init
 .text.HAL_I2C_Mem_Write
                0x000000000800276c      0x244 Drivers/STM32F3xx_HAL_Driver/Src/stm32f3xx_hal_i2c.o
                0x000000000800276c                HAL_I2C_Mem_Write
 .text.HAL_I2C_Mem_Read
                0x00000000080029b0      0x250 Drivers/STM32F3xx_HAL_Driver/Src/stm32f3xx_hal_i2c.o
                0x00000000080029b0                HAL_I2C_Mem_Read
 .text.I2C_RequestMemoryWrite
                0x0000000008002c00       0xa8 Drivers/STM32F3xx_HAL_Driver/Src/stm32f3xx_hal_i2c.o
 .text.I2C_RequestMemoryRead
                0x0000000008002ca8       0xa8 Drivers/STM32F3xx_HAL_Driver/Src/stm32f3xx_hal_i2c.o
 .text.I2C_Flush_TXDR
                0x0000000008002d50       0x48 Drivers/STM32F3xx_HAL_Driver/Src/stm32f3xx_hal_i2c.o
 .text.I2C_WaitOnFlagUntilTimeout
                0x0000000008002d98       0x80 Drivers/STM32F3xx_HAL_Driver/Src/stm32f3xx_hal_i2c.o
 .text.I2C_WaitOnTXISFlagUntilTimeout
                0x0000000008002e18       0x80 Drivers/STM32F3xx_HAL_Driver/Src/stm32f3xx_hal_i2c.o
 .text.I2C_WaitOnSTOPFlagUntilTimeout
                0x0000000008002e98       0x78 Drivers/STM32F3xx_HAL_Driver/Src/stm32f3xx_hal_i2c.o
 .text.I2C_IsAcknowledgeFailed
                0x0000000008002f10       0xcc Drivers/STM32F3xx_HAL_Driver/Src/stm32f3xx_hal_i2c.o
 .text.I2C_TransferConfig
                0x0000000008002fdc       0xd4 Drivers/STM32F3xx_HAL_Driver/Src/stm32f3xx_hal_i2c.o
 .text.HAL_I2CEx_ConfigAnalogFilter
                0x00000000080030b0       0xd0 Drivers/STM32F3xx_HAL_Driver/Src/stm32f3xx_hal_i2c_ex.o
                0x00000000080030b0                HAL_I2CEx_ConfigAnalogFilter
 .text.HAL_I2CEx_ConfigDigitalFilter
                0x0000000008003180       0xcc Drivers/STM32F3xx_HAL_Driver/Src/stm32f3xx_hal_i2c_ex.o
                0x0000000008003180                HAL_I2CEx_ConfigDigitalFilter
 .text.HAL_PCD_Init
                0x000000000800324c      0x1d8 Drivers/STM32F3xx_HAL_Driver/Src/stm32f3xx_hal_pcd.o
                0x000000000800324c                HAL_PCD_Init
 .text.HAL_PCD_Start
                0x0000000008003424       0x4c Drivers/STM32F3xx_HAL_Driver/Src/stm32f3xx_hal_pcd.o
                0x0000000008003424                HAL_PCD_Start
 .text.HAL_PCD_IRQHandler
                0x0000000008003470      0x1ee Drivers/STM32F3xx_HAL_Driver/Src/stm32f3xx_hal_pcd.o
                0x0000000008003470                HAL_PCD_IRQHandler
 .text.HAL_PCD_SetAddress
                0x000000000800365e       0x4a Drivers/STM32F3xx_HAL_Driver/Src/stm32f3xx_hal_pcd.o
                0x000000000800365e                HAL_PCD_SetAddress
 .text.HAL_PCD_EP_Open
                0x00000000080036a8       0xcc Drivers/STM32F3xx_HAL_Driver/Src/stm32f3xx_hal_pcd.o
                0x00000000080036a8                HAL_PCD_EP_Open
 .text.HAL_PCD_EP_Close
                0x0000000008003774       0x90 Drivers/STM32F3xx_HAL_Driver/Src/stm32f3xx_hal_pcd.o
                0x0000000008003774                HAL_PCD_EP_Close
 .text.HAL_PCD_EP_Receive
                0x0000000008003804       0x7a Drivers/STM32F3xx_HAL_Driver/Src/stm32f3xx_hal_pcd.o
                0x0000000008003804                HAL_PCD_EP_Receive
 .text.HAL_PCD_EP_GetRxCount
                0x000000000800387e       0x30 Drivers/STM32F3xx_HAL_Driver/Src/stm32f3xx_hal_pcd.o
                0x000000000800387e                HAL_PCD_EP_GetRxCount
 .text.HAL_PCD_EP_Transmit
                0x00000000080038ae       0x86 Drivers/STM32F3xx_HAL_Driver/Src/stm32f3xx_hal_pcd.o
                0x00000000080038ae                HAL_PCD_EP_Transmit
 .text.HAL_PCD_EP_SetStall
                0x0000000008003934       0xa4 Drivers/STM32F3xx_HAL_Driver/Src/stm32f3xx_hal_pcd.o
                0x0000000008003934                HAL_PCD_EP_SetStall
 .text.HAL_PCD_EP_ClrStall
                0x00000000080039d8       0xa8 Drivers/STM32F3xx_HAL_Driver/Src/stm32f3xx_hal_pcd.o
                0x00000000080039d8                HAL_PCD_EP_ClrStall
 .text.PCD_EP_ISR_Handler
                0x0000000008003a80      0x5e6 Drivers/STM32F3xx_HAL_Driver/Src/stm32f3xx_hal_pcd.o
 .text.HAL_PCD_EP_DB_Receive
                0x0000000008004066      0x21a Drivers/STM32F3xx_HAL_Driver/Src/stm32f3xx_hal_pcd.o
 .text.HAL_PCD_EP_DB_Transmit
                0x0000000008004280      0x53a Drivers/STM32F3xx_HAL_Driver/Src/stm32f3xx_hal_pcd.o
 .text.HAL_PCDEx_PMAConfig
                0x00000000080047ba       0x86 Drivers/STM32F3xx_HAL_Driver/Src/stm32f3xx_hal_pcd_ex.o
                0x00000000080047ba                HAL_PCDEx_PMAConfig
 .text.HAL_RCC_OscConfig
                0x0000000008004840     0x1018 Drivers/STM32F3xx_HAL_Driver/Src/stm32f3xx_hal_rcc.o
                0x0000000008004840                HAL_RCC_OscConfig
 .text.HAL_RCC_ClockConfig
                0x0000000008005858      0x440 Drivers/STM32F3xx_HAL_Driver/Src/stm32f3xx_hal_rcc.o
                0x0000000008005858                HAL_RCC_ClockConfig
 .text.HAL_RCC_GetSysClockFreq
                0x0000000008005c98       0xd4 Drivers/STM32F3xx_HAL_Driver/Src/stm32f3xx_hal_rcc.o
                0x0000000008005c98                HAL_RCC_GetSysClockFreq
 .text.HAL_RCCEx_PeriphCLKConfig
                0x0000000008005d6c      0x64c Drivers/STM32F3xx_HAL_Driver/Src/stm32f3xx_hal_rcc_ex.o
                0x0000000008005d6c                HAL_RCCEx_PeriphCLKConfig
 .text.HAL_SPI_Init
                0x00000000080063b8      0x3e8 Drivers/STM32F3xx_HAL_Driver/Src/stm32f3xx_hal_spi.o
                0x00000000080063b8                HAL_SPI_Init
 .text.HAL_SPI_DeInit
                0x00000000080067a0       0x88 Drivers/STM32F3xx_HAL_Driver/Src/stm32f3xx_hal_spi.o
                0x00000000080067a0                HAL_SPI_DeInit
 .text.HAL_SPI_TransmitReceive
                0x0000000008006828      0x43c Drivers/STM32F3xx_HAL_Driver/Src/stm32f3xx_hal_spi.o
                0x0000000008006828                HAL_SPI_TransmitReceive
 .text.HAL_SPI_GetState
                0x0000000008006c64       0x1c Drivers/STM32F3xx_HAL_Driver/Src/stm32f3xx_hal_spi.o
                0x0000000008006c64                HAL_SPI_GetState
 .text.SPI_WaitFlagStateUntilTimeout
                0x0000000008006c80      0x110 Drivers/STM32F3xx_HAL_Driver/Src/stm32f3xx_hal_spi.o
 .text.SPI_WaitFifoStateUntilTimeout
                0x0000000008006d90      0x11c Drivers/STM32F3xx_HAL_Driver/Src/stm32f3xx_hal_spi.o
 .text.SPI_EndRxTxTransaction
                0x0000000008006eac       0x8c Drivers/STM32F3xx_HAL_Driver/Src/stm32f3xx_hal_spi.o
 .text.USB_EnableGlobalInt
                0x0000000008006f38       0x2e Drivers/STM32F3xx_HAL_Driver/Src/stm32f3xx_ll_usb.o
                0x0000000008006f38                USB_EnableGlobalInt
 .text.USB_DisableGlobalInt
                0x0000000008006f66       0x36 Drivers/STM32F3xx_HAL_Driver/Src/stm32f3xx_ll_usb.o
                0x0000000008006f66                USB_DisableGlobalInt
 .text.USB_DevInit
                0x0000000008006f9c       0x42 Drivers/STM32F3xx_HAL_Driver/Src/stm32f3xx_ll_usb.o
                0x0000000008006f9c                USB_DevInit
 *fill*         0x0000000008006fde        0x2 
 .text.USB_ActivateEndpoint
                0x0000000008006fe0      0x6dc Drivers/STM32F3xx_HAL_Driver/Src/stm32f3xx_ll_usb.o
                0x0000000008006fe0                USB_ActivateEndpoint
 .text.USB_DeactivateEndpoint
                0x00000000080076bc      0x3da Drivers/STM32F3xx_HAL_Driver/Src/stm32f3xx_ll_usb.o
                0x00000000080076bc                USB_DeactivateEndpoint
 .text.USB_EPStartXfer
                0x0000000008007a96     0x1240 Drivers/STM32F3xx_HAL_Driver/Src/stm32f3xx_ll_usb.o
                0x0000000008007a96                USB_EPStartXfer
 .text.USB_EPSetStall
                0x0000000008008cd6       0xa2 Drivers/STM32F3xx_HAL_Driver/Src/stm32f3xx_ll_usb.o
                0x0000000008008cd6                USB_EPSetStall
 .text.USB_EPClearStall
                0x0000000008008d78      0x15c Drivers/STM32F3xx_HAL_Driver/Src/stm32f3xx_ll_usb.o
                0x0000000008008d78                USB_EPClearStall
 .text.USB_SetDevAddress
                0x0000000008008ed4       0x28 Drivers/STM32F3xx_HAL_Driver/Src/stm32f3xx_ll_usb.o
                0x0000000008008ed4                USB_SetDevAddress
 .text.USB_DevConnect
                0x0000000008008efc       0x16 Drivers/STM32F3xx_HAL_Driver/Src/stm32f3xx_ll_usb.o
                0x0000000008008efc                USB_DevConnect
 .text.USB_ReadInterrupts
                0x0000000008008f12       0x20 Drivers/STM32F3xx_HAL_Driver/Src/stm32f3xx_ll_usb.o
                0x0000000008008f12                USB_ReadInterrupts
 .text.USB_WritePMA
                0x0000000008008f32       0x8a Drivers/STM32F3xx_HAL_Driver/Src/stm32f3xx_ll_usb.o
                0x0000000008008f32                USB_WritePMA
 .text.USB_ReadPMA
                0x0000000008008fbc       0xa0 Drivers/STM32F3xx_HAL_Driver/Src/stm32f3xx_ll_usb.o
                0x0000000008008fbc                USB_ReadPMA
 .text.USBD_CDC_Init
                0x000000000800905c       0xf4 Middlewares/ST/STM32_USB_Device_Library/Class/CDC/Src/usbd_cdc.o
 .text.USBD_CDC_DeInit
                0x0000000008009150       0x6e Middlewares/ST/STM32_USB_Device_Library/Class/CDC/Src/usbd_cdc.o
 .text.USBD_CDC_Setup
                0x00000000080091be      0x140 Middlewares/ST/STM32_USB_Device_Library/Class/CDC/Src/usbd_cdc.o
 .text.USBD_CDC_DataIn
                0x00000000080092fe       0xa6 Middlewares/ST/STM32_USB_Device_Library/Class/CDC/Src/usbd_cdc.o
 .text.USBD_CDC_DataOut
                0x00000000080093a4       0x56 Middlewares/ST/STM32_USB_Device_Library/Class/CDC/Src/usbd_cdc.o
 .text.USBD_CDC_EP0_RxReady
                0x00000000080093fa       0x50 Middlewares/ST/STM32_USB_Device_Library/Class/CDC/Src/usbd_cdc.o
 *fill*         0x000000000800944a        0x2 
 .text.USBD_CDC_GetFSCfgDesc
                0x000000000800944c       0x20 Middlewares/ST/STM32_USB_Device_Library/Class/CDC/Src/usbd_cdc.o
 .text.USBD_CDC_GetHSCfgDesc
                0x000000000800946c       0x20 Middlewares/ST/STM32_USB_Device_Library/Class/CDC/Src/usbd_cdc.o
 .text.USBD_CDC_GetOtherSpeedCfgDesc
                0x000000000800948c       0x20 Middlewares/ST/STM32_USB_Device_Library/Class/CDC/Src/usbd_cdc.o
 .text.USBD_CDC_GetDeviceQualifierDescriptor
                0x00000000080094ac       0x20 Middlewares/ST/STM32_USB_Device_Library/Class/CDC/Src/usbd_cdc.o
                0x00000000080094ac                USBD_CDC_GetDeviceQualifierDescriptor
 .text.USBD_CDC_RegisterInterface
                0x00000000080094cc       0x2e Middlewares/ST/STM32_USB_Device_Library/Class/CDC/Src/usbd_cdc.o
                0x00000000080094cc                USBD_CDC_RegisterInterface
 .text.USBD_CDC_SetTxBuffer
                0x00000000080094fa       0x34 Middlewares/ST/STM32_USB_Device_Library/Class/CDC/Src/usbd_cdc.o
                0x00000000080094fa                USBD_CDC_SetTxBuffer
 .text.USBD_CDC_SetRxBuffer
                0x000000000800952e       0x28 Middlewares/ST/STM32_USB_Device_Library/Class/CDC/Src/usbd_cdc.o
                0x000000000800952e                USBD_CDC_SetRxBuffer
 .text.USBD_CDC_TransmitPacket
                0x0000000008009556       0x5e Middlewares/ST/STM32_USB_Device_Library/Class/CDC/Src/usbd_cdc.o
                0x0000000008009556                USBD_CDC_TransmitPacket
 .text.USBD_CDC_ReceivePacket
                0x00000000080095b4       0x54 Middlewares/ST/STM32_USB_Device_Library/Class/CDC/Src/usbd_cdc.o
                0x00000000080095b4                USBD_CDC_ReceivePacket
 .text.USBD_Init
                0x0000000008009608       0x56 Middlewares/ST/STM32_USB_Device_Library/Core/Src/usbd_core.o
                0x0000000008009608                USBD_Init
 .text.USBD_RegisterClass
                0x000000000800965e       0x34 Middlewares/ST/STM32_USB_Device_Library/Core/Src/usbd_core.o
                0x000000000800965e                USBD_RegisterClass
 .text.USBD_Start
                0x0000000008009692       0x18 Middlewares/ST/STM32_USB_Device_Library/Core/Src/usbd_core.o
                0x0000000008009692                USBD_Start
 .text.USBD_RunTestMode
                0x00000000080096aa       0x16 Middlewares/ST/STM32_USB_Device_Library/Core/Src/usbd_core.o
                0x00000000080096aa                USBD_RunTestMode
 .text.USBD_SetClassConfig
                0x00000000080096c0       0x3e Middlewares/ST/STM32_USB_Device_Library/Core/Src/usbd_core.o
                0x00000000080096c0                USBD_SetClassConfig
 .text.USBD_ClrClassConfig
                0x00000000080096fe       0x26 Middlewares/ST/STM32_USB_Device_Library/Core/Src/usbd_core.o
                0x00000000080096fe                USBD_ClrClassConfig
 .text.USBD_LL_SetupStage
                0x0000000008009724       0x96 Middlewares/ST/STM32_USB_Device_Library/Core/Src/usbd_core.o
                0x0000000008009724                USBD_LL_SetupStage
 .text.USBD_LL_DataOutStage
                0x00000000080097ba       0xe2 Middlewares/ST/STM32_USB_Device_Library/Core/Src/usbd_core.o
                0x00000000080097ba                USBD_LL_DataOutStage
 .text.USBD_LL_DataInStage
                0x000000000800989c      0x14a Middlewares/ST/STM32_USB_Device_Library/Core/Src/usbd_core.o
                0x000000000800989c                USBD_LL_DataInStage
 .text.USBD_LL_Reset
                0x00000000080099e6       0x82 Middlewares/ST/STM32_USB_Device_Library/Core/Src/usbd_core.o
                0x00000000080099e6                USBD_LL_Reset
 .text.USBD_LL_SetSpeed
                0x0000000008009a68       0x20 Middlewares/ST/STM32_USB_Device_Library/Core/Src/usbd_core.o
                0x0000000008009a68                USBD_LL_SetSpeed
 .text.USBD_LL_Suspend
                0x0000000008009a88       0x2a Middlewares/ST/STM32_USB_Device_Library/Core/Src/usbd_core.o
                0x0000000008009a88                USBD_LL_Suspend
 .text.USBD_LL_Resume
                0x0000000008009ab2       0x2c Middlewares/ST/STM32_USB_Device_Library/Core/Src/usbd_core.o
                0x0000000008009ab2                USBD_LL_Resume
 .text.USBD_LL_SOF
                0x0000000008009ade       0x34 Middlewares/ST/STM32_USB_Device_Library/Core/Src/usbd_core.o
                0x0000000008009ade                USBD_LL_SOF
 *fill*         0x0000000008009b12        0x2 
 .text.USBD_StdDevReq
                0x0000000008009b14       0xd4 Middlewares/ST/STM32_USB_Device_Library/Core/Src/usbd_ctlreq.o
                0x0000000008009b14                USBD_StdDevReq
 .text.USBD_StdItfReq
                0x0000000008009be8       0x8c Middlewares/ST/STM32_USB_Device_Library/Core/Src/usbd_ctlreq.o
                0x0000000008009be8                USBD_StdItfReq
 .text.USBD_StdEPReq
                0x0000000008009c74      0x2ba Middlewares/ST/STM32_USB_Device_Library/Core/Src/usbd_ctlreq.o
                0x0000000008009c74                USBD_StdEPReq
 *fill*         0x0000000008009f2e        0x2 
 .text.USBD_GetDescriptor
                0x0000000008009f30      0x2d0 Middlewares/ST/STM32_USB_Device_Library/Core/Src/usbd_ctlreq.o
 .text.USBD_SetAddress
                0x000000000800a200       0x84 Middlewares/ST/STM32_USB_Device_Library/Core/Src/usbd_ctlreq.o
 .text.USBD_SetConfig
                0x000000000800a284      0x11c Middlewares/ST/STM32_USB_Device_Library/Core/Src/usbd_ctlreq.o
 .text.USBD_GetConfig
                0x000000000800a3a0       0x68 Middlewares/ST/STM32_USB_Device_Library/Core/Src/usbd_ctlreq.o
 .text.USBD_GetStatus
                0x000000000800a408       0x66 Middlewares/ST/STM32_USB_Device_Library/Core/Src/usbd_ctlreq.o
 .text.USBD_SetFeature
                0x000000000800a46e       0x28 Middlewares/ST/STM32_USB_Device_Library/Core/Src/usbd_ctlreq.o
 .text.USBD_ClrFeature
                0x000000000800a496       0x42 Middlewares/ST/STM32_USB_Device_Library/Core/Src/usbd_ctlreq.o
 .text.USBD_ParseSetupRequest
                0x000000000800a4d8       0x7a Middlewares/ST/STM32_USB_Device_Library/Core/Src/usbd_ctlreq.o
                0x000000000800a4d8                USBD_ParseSetupRequest
 .text.USBD_CtlError
                0x000000000800a552       0x22 Middlewares/ST/STM32_USB_Device_Library/Core/Src/usbd_ctlreq.o
                0x000000000800a552                USBD_CtlError
 .text.USBD_GetString
                0x000000000800a574       0x84 Middlewares/ST/STM32_USB_Device_Library/Core/Src/usbd_ctlreq.o
                0x000000000800a574                USBD_GetString
 .text.USBD_GetLen
                0x000000000800a5f8       0x30 Middlewares/ST/STM32_USB_Device_Library/Core/Src/usbd_ctlreq.o
 .text.USBD_CtlSendData
                0x000000000800a628       0x38 Middlewares/ST/STM32_USB_Device_Library/Core/Src/usbd_ioreq.o
                0x000000000800a628                USBD_CtlSendData
 .text.USBD_CtlContinueSendData
                0x000000000800a660       0x24 Middlewares/ST/STM32_USB_Device_Library/Core/Src/usbd_ioreq.o
                0x000000000800a660                USBD_CtlContinueSendData
 .text.USBD_CtlPrepareRx
                0x000000000800a684       0x3c Middlewares/ST/STM32_USB_Device_Library/Core/Src/usbd_ioreq.o
                0x000000000800a684                USBD_CtlPrepareRx
 .text.USBD_CtlContinueRx
                0x000000000800a6c0       0x24 Middlewares/ST/STM32_USB_Device_Library/Core/Src/usbd_ioreq.o
                0x000000000800a6c0                USBD_CtlContinueRx
 .text.USBD_CtlSendStatus
                0x000000000800a6e4       0x26 Middlewares/ST/STM32_USB_Device_Library/Core/Src/usbd_ioreq.o
                0x000000000800a6e4                USBD_CtlSendStatus
 .text.USBD_CtlReceiveStatus
                0x000000000800a70a       0x26 Middlewares/ST/STM32_USB_Device_Library/Core/Src/usbd_ioreq.o
                0x000000000800a70a                USBD_CtlReceiveStatus
 .text.MX_USB_DEVICE_Init
                0x000000000800a730       0x60 USB_DEVICE/App/usb_device.o
                0x000000000800a730                MX_USB_DEVICE_Init
 .text.CDC_Init_FS
                0x000000000800a790       0x28 USB_DEVICE/App/usbd_cdc_if.o
 .text.CDC_DeInit_FS
                0x000000000800a7b8       0x10 USB_DEVICE/App/usbd_cdc_if.o
 .text.CDC_Control_FS
                0x000000000800a7c8       0xbc USB_DEVICE/App/usbd_cdc_if.o
 .text.CDC_Receive_FS
                0x000000000800a884       0x28 USB_DEVICE/App/usbd_cdc_if.o
 .text.CDC_Transmit_FS
                0x000000000800a8ac       0x4c USB_DEVICE/App/usbd_cdc_if.o
                0x000000000800a8ac                CDC_Transmit_FS
 .text.USBD_FS_DeviceDescriptor
                0x000000000800a8f8       0x24 USB_DEVICE/App/usbd_desc.o
                0x000000000800a8f8                USBD_FS_DeviceDescriptor
 .text.USBD_FS_LangIDStrDescriptor
                0x000000000800a91c       0x24 USB_DEVICE/App/usbd_desc.o
                0x000000000800a91c                USBD_FS_LangIDStrDescriptor
 .text.USBD_FS_ProductStrDescriptor
                0x000000000800a940       0x3c USB_DEVICE/App/usbd_desc.o
                0x000000000800a940                USBD_FS_ProductStrDescriptor
 .text.USBD_FS_ManufacturerStrDescriptor
                0x000000000800a97c       0x28 USB_DEVICE/App/usbd_desc.o
                0x000000000800a97c                USBD_FS_ManufacturerStrDescriptor
 .text.USBD_FS_SerialStrDescriptor
                0x000000000800a9a4       0x24 USB_DEVICE/App/usbd_desc.o
                0x000000000800a9a4                USBD_FS_SerialStrDescriptor
 .text.USBD_FS_ConfigStrDescriptor
                0x000000000800a9c8       0x3c USB_DEVICE/App/usbd_desc.o
                0x000000000800a9c8                USBD_FS_ConfigStrDescriptor
 .text.USBD_FS_InterfaceStrDescriptor
                0x000000000800aa04       0x3c USB_DEVICE/App/usbd_desc.o
                0x000000000800aa04                USBD_FS_InterfaceStrDescriptor
 .text.Get_SerialNum
                0x000000000800aa40       0x58 USB_DEVICE/App/usbd_desc.o
 .text.IntToUnicode
                0x000000000800aa98       0x7c USB_DEVICE/App/usbd_desc.o
 .text.HAL_PCD_MspInit
                0x000000000800ab14       0x98 USB_DEVICE/Target/usbd_conf.o
                0x000000000800ab14                HAL_PCD_MspInit
 .text.HAL_PCD_SetupStageCallback
                0x000000000800abac       0x24 USB_DEVICE/Target/usbd_conf.o
                0x000000000800abac                HAL_PCD_SetupStageCallback
 .text.HAL_PCD_DataOutStageCallback
                0x000000000800abd0       0x36 USB_DEVICE/Target/usbd_conf.o
                0x000000000800abd0                HAL_PCD_DataOutStageCallback
 .text.HAL_PCD_DataInStageCallback
                0x000000000800ac06       0x34 USB_DEVICE/Target/usbd_conf.o
                0x000000000800ac06                HAL_PCD_DataInStageCallback
 .text.HAL_PCD_SOFCallback
                0x000000000800ac3a       0x1c USB_DEVICE/Target/usbd_conf.o
                0x000000000800ac3a                HAL_PCD_SOFCallback
 .text.HAL_PCD_ResetCallback
                0x000000000800ac56       0x3c USB_DEVICE/Target/usbd_conf.o
                0x000000000800ac56                HAL_PCD_ResetCallback
 *fill*         0x000000000800ac92        0x2 
 .text.HAL_PCD_SuspendCallback
                0x000000000800ac94       0x34 USB_DEVICE/Target/usbd_conf.o
                0x000000000800ac94                HAL_PCD_SuspendCallback
 .text.HAL_PCD_ResumeCallback
                0x000000000800acc8       0x1c USB_DEVICE/Target/usbd_conf.o
                0x000000000800acc8                HAL_PCD_ResumeCallback
 .text.USBD_LL_Init
                0x000000000800ace4       0xb4 USB_DEVICE/Target/usbd_conf.o
                0x000000000800ace4                USBD_LL_Init
 .text.USBD_LL_Start
                0x000000000800ad98       0x36 USB_DEVICE/Target/usbd_conf.o
                0x000000000800ad98                USBD_LL_Start
 .text.USBD_LL_OpenEP
                0x000000000800adce       0x4c USB_DEVICE/Target/usbd_conf.o
                0x000000000800adce                USBD_LL_OpenEP
 .text.USBD_LL_CloseEP
                0x000000000800ae1a       0x3e USB_DEVICE/Target/usbd_conf.o
                0x000000000800ae1a                USBD_LL_CloseEP
 .text.USBD_LL_StallEP
                0x000000000800ae58       0x3e USB_DEVICE/Target/usbd_conf.o
                0x000000000800ae58                USBD_LL_StallEP
 .text.USBD_LL_ClearStallEP
                0x000000000800ae96       0x3e USB_DEVICE/Target/usbd_conf.o
                0x000000000800ae96                USBD_LL_ClearStallEP
 .text.USBD_LL_IsStallEP
                0x000000000800aed4       0x5a USB_DEVICE/Target/usbd_conf.o
                0x000000000800aed4                USBD_LL_IsStallEP
 .text.USBD_LL_SetUSBAddress
                0x000000000800af2e       0x3e USB_DEVICE/Target/usbd_conf.o
                0x000000000800af2e                USBD_LL_SetUSBAddress
 .text.USBD_LL_Transmit
                0x000000000800af6c       0x46 USB_DEVICE/Target/usbd_conf.o
                0x000000000800af6c                USBD_LL_Transmit
 .text.USBD_LL_PrepareReceive
                0x000000000800afb2       0x46 USB_DEVICE/Target/usbd_conf.o
                0x000000000800afb2                USBD_LL_PrepareReceive
 .text.USBD_LL_GetRxDataSize
                0x000000000800aff8       0x26 USB_DEVICE/Target/usbd_conf.o
                0x000000000800aff8                USBD_LL_GetRxDataSize
 *fill*         0x000000000800b01e        0x2 
 .text.USBD_static_malloc
                0x000000000800b020       0x1c USB_DEVICE/Target/usbd_conf.o
                0x000000000800b020                USBD_static_malloc
 .text.USBD_static_free
                0x000000000800b03c       0x14 USB_DEVICE/Target/usbd_conf.o
                0x000000000800b03c                USBD_static_free
 .text.HAL_PCDEx_SetConnectionState
                0x000000000800b050       0x18 USB_DEVICE/Target/usbd_conf.o
                0x000000000800b050                HAL_PCDEx_SetConnectionState
 .text.USBD_Get_USB_Status
                0x000000000800b068       0x58 USB_DEVICE/Target/usbd_conf.o
 .text.__errno  0x000000000800b0c0        0xc /opt/st/stm32cubeide_1.5.1/plugins/com.st.stm32cube.ide.mcu.externaltools.gnu-tools-for-stm32.7-2018-q2-update.linux64_1.5.0.202011040924/tools/bin/../lib/gcc/arm-none-eabi/7.3.1/../../../../arm-none-eabi/lib/thumb/v7e-m/fpv4-sp/hard/libc_nano.a(lib_a-errno.o)
                0x000000000800b0c0                __errno
 .text.__libc_init_array
                0x000000000800b0cc       0x48 /opt/st/stm32cubeide_1.5.1/plugins/com.st.stm32cube.ide.mcu.externaltools.gnu-tools-for-stm32.7-2018-q2-update.linux64_1.5.0.202011040924/tools/bin/../lib/gcc/arm-none-eabi/7.3.1/../../../../arm-none-eabi/lib/thumb/v7e-m/fpv4-sp/hard/libc_nano.a(lib_a-init.o)
                0x000000000800b0cc                __libc_init_array
 .text.memset   0x000000000800b114       0x10 /opt/st/stm32cubeide_1.5.1/plugins/com.st.stm32cube.ide.mcu.externaltools.gnu-tools-for-stm32.7-2018-q2-update.linux64_1.5.0.202011040924/tools/bin/../lib/gcc/arm-none-eabi/7.3.1/../../../../arm-none-eabi/lib/thumb/v7e-m/fpv4-sp/hard/libc_nano.a(lib_a-memset.o)
                0x000000000800b114                memset
 .text.sprintf  0x000000000800b124       0x40 /opt/st/stm32cubeide_1.5.1/plugins/com.st.stm32cube.ide.mcu.externaltools.gnu-tools-for-stm32.7-2018-q2-update.linux64_1.5.0.202011040924/tools/bin/../lib/gcc/arm-none-eabi/7.3.1/../../../../arm-none-eabi/lib/thumb/v7e-m/fpv4-sp/hard/libc_nano.a(lib_a-sprintf.o)
                0x000000000800b124                sprintf
                0x000000000800b124                siprintf
 .text.__ssputs_r
                0x000000000800b164       0xb4 /opt/st/stm32cubeide_1.5.1/plugins/com.st.stm32cube.ide.mcu.externaltools.gnu-tools-for-stm32.7-2018-q2-update.linux64_1.5.0.202011040924/tools/bin/../lib/gcc/arm-none-eabi/7.3.1/../../../../arm-none-eabi/lib/thumb/v7e-m/fpv4-sp/hard/libc_nano.a(lib_a-nano-svfprintf.o)
                0x000000000800b164                __ssputs_r
 .text._svfprintf_r
                0x000000000800b218      0x1f0 /opt/st/stm32cubeide_1.5.1/plugins/com.st.stm32cube.ide.mcu.externaltools.gnu-tools-for-stm32.7-2018-q2-update.linux64_1.5.0.202011040924/tools/bin/../lib/gcc/arm-none-eabi/7.3.1/../../../../arm-none-eabi/lib/thumb/v7e-m/fpv4-sp/hard/libc_nano.a(lib_a-nano-svfprintf.o)
                0x000000000800b218                _svfprintf_r
                0x000000000800b218                _svfiprintf_r
 .text._printf_common
                0x000000000800b408       0xea /opt/st/stm32cubeide_1.5.1/plugins/com.st.stm32cube.ide.mcu.externaltools.gnu-tools-for-stm32.7-2018-q2-update.linux64_1.5.0.202011040924/tools/bin/../lib/gcc/arm-none-eabi/7.3.1/../../../../arm-none-eabi/lib/thumb/v7e-m/fpv4-sp/hard/libc_nano.a(lib_a-nano-vfprintf_i.o)
                0x000000000800b408                _printf_common
 *fill*         0x000000000800b4f2        0x2 
 .text._printf_i
                0x000000000800b4f4      0x224 /opt/st/stm32cubeide_1.5.1/plugins/com.st.stm32cube.ide.mcu.externaltools.gnu-tools-for-stm32.7-2018-q2-update.linux64_1.5.0.202011040924/tools/bin/../lib/gcc/arm-none-eabi/7.3.1/../../../../arm-none-eabi/lib/thumb/v7e-m/fpv4-sp/hard/libc_nano.a(lib_a-nano-vfprintf_i.o)
                0x000000000800b4f4                _printf_i
 .text.memcpy   0x000000000800b718       0x16 /opt/st/stm32cubeide_1.5.1/plugins/com.st.stm32cube.ide.mcu.externaltools.gnu-tools-for-stm32.7-2018-q2-update.linux64_1.5.0.202011040924/tools/bin/../lib/gcc/arm-none-eabi/7.3.1/../../../../arm-none-eabi/lib/thumb/v7e-m/fpv4-sp/hard/libc_nano.a(lib_a-memcpy-stub.o)
                0x000000000800b718                memcpy
 .text.memmove  0x000000000800b72e       0x32 /opt/st/stm32cubeide_1.5.1/plugins/com.st.stm32cube.ide.mcu.externaltools.gnu-tools-for-stm32.7-2018-q2-update.linux64_1.5.0.202011040924/tools/bin/../lib/gcc/arm-none-eabi/7.3.1/../../../../arm-none-eabi/lib/thumb/v7e-m/fpv4-sp/hard/libc_nano.a(lib_a-memmove.o)
                0x000000000800b72e                memmove
 .text._free_r  0x000000000800b760       0x9c /opt/st/stm32cubeide_1.5.1/plugins/com.st.stm32cube.ide.mcu.externaltools.gnu-tools-for-stm32.7-2018-q2-update.linux64_1.5.0.202011040924/tools/bin/../lib/gcc/arm-none-eabi/7.3.1/../../../../arm-none-eabi/lib/thumb/v7e-m/fpv4-sp/hard/libc_nano.a(lib_a-nano-freer.o)
                0x000000000800b760                _free_r
 .text._malloc_r
                0x000000000800b7fc       0xb4 /opt/st/stm32cubeide_1.5.1/plugins/com.st.stm32cube.ide.mcu.externaltools.gnu-tools-for-stm32.7-2018-q2-update.linux64_1.5.0.202011040924/tools/bin/../lib/gcc/arm-none-eabi/7.3.1/../../../../arm-none-eabi/lib/thumb/v7e-m/fpv4-sp/hard/libc_nano.a(lib_a-nano-mallocr.o)
                0x000000000800b7fc                _malloc_r
 .text._realloc_r
                0x000000000800b8b0       0x4c /opt/st/stm32cubeide_1.5.1/plugins/com.st.stm32cube.ide.mcu.externaltools.gnu-tools-for-stm32.7-2018-q2-update.linux64_1.5.0.202011040924/tools/bin/../lib/gcc/arm-none-eabi/7.3.1/../../../../arm-none-eabi/lib/thumb/v7e-m/fpv4-sp/hard/libc_nano.a(lib_a-nano-reallocr.o)
                0x000000000800b8b0                _realloc_r
 .text._sbrk_r  0x000000000800b8fc       0x20 /opt/st/stm32cubeide_1.5.1/plugins/com.st.stm32cube.ide.mcu.externaltools.gnu-tools-for-stm32.7-2018-q2-update.linux64_1.5.0.202011040924/tools/bin/../lib/gcc/arm-none-eabi/7.3.1/../../../../arm-none-eabi/lib/thumb/v7e-m/fpv4-sp/hard/libc_nano.a(lib_a-sbrkr.o)
                0x000000000800b8fc                _sbrk_r
 .text.__malloc_lock
                0x000000000800b91c        0x2 /opt/st/stm32cubeide_1.5.1/plugins/com.st.stm32cube.ide.mcu.externaltools.gnu-tools-for-stm32.7-2018-q2-update.linux64_1.5.0.202011040924/tools/bin/../lib/gcc/arm-none-eabi/7.3.1/../../../../arm-none-eabi/lib/thumb/v7e-m/fpv4-sp/hard/libc_nano.a(lib_a-mlock.o)
                0x000000000800b91c                __malloc_lock
 .text.__malloc_unlock
                0x000000000800b91e        0x2 /opt/st/stm32cubeide_1.5.1/plugins/com.st.stm32cube.ide.mcu.externaltools.gnu-tools-for-stm32.7-2018-q2-update.linux64_1.5.0.202011040924/tools/bin/../lib/gcc/arm-none-eabi/7.3.1/../../../../arm-none-eabi/lib/thumb/v7e-m/fpv4-sp/hard/libc_nano.a(lib_a-mlock.o)
                0x000000000800b91e                __malloc_unlock
 .text._malloc_usable_size_r
                0x000000000800b920       0x10 /opt/st/stm32cubeide_1.5.1/plugins/com.st.stm32cube.ide.mcu.externaltools.gnu-tools-for-stm32.7-2018-q2-update.linux64_1.5.0.202011040924/tools/bin/../lib/gcc/arm-none-eabi/7.3.1/../../../../arm-none-eabi/lib/thumb/v7e-m/fpv4-sp/hard/libc_nano.a(lib_a-nano-msizer.o)
                0x000000000800b920                _malloc_usable_size_r
 *(.glue_7)
 .glue_7        0x000000000800b930        0x0 linker stubs
 *(.glue_7t)
 .glue_7t       0x000000000800b930        0x0 linker stubs
 *(.eh_frame)
 .eh_frame      0x000000000800b930        0x0 /opt/st/stm32cubeide_1.5.1/plugins/com.st.stm32cube.ide.mcu.externaltools.gnu-tools-for-stm32.7-2018-q2-update.linux64_1.5.0.202011040924/tools/bin/../lib/gcc/arm-none-eabi/7.3.1/thumb/v7e-m/fpv4-sp/hard/crtbegin.o
 *(.init)
 .init          0x000000000800b930        0x4 /opt/st/stm32cubeide_1.5.1/plugins/com.st.stm32cube.ide.mcu.externaltools.gnu-tools-for-stm32.7-2018-q2-update.linux64_1.5.0.202011040924/tools/bin/../lib/gcc/arm-none-eabi/7.3.1/thumb/v7e-m/fpv4-sp/hard/crti.o
                0x000000000800b930                _init
 .init          0x000000000800b934        0x8 /opt/st/stm32cubeide_1.5.1/plugins/com.st.stm32cube.ide.mcu.externaltools.gnu-tools-for-stm32.7-2018-q2-update.linux64_1.5.0.202011040924/tools/bin/../lib/gcc/arm-none-eabi/7.3.1/thumb/v7e-m/fpv4-sp/hard/crtn.o
 *(.fini)
 .fini          0x000000000800b93c        0x4 /opt/st/stm32cubeide_1.5.1/plugins/com.st.stm32cube.ide.mcu.externaltools.gnu-tools-for-stm32.7-2018-q2-update.linux64_1.5.0.202011040924/tools/bin/../lib/gcc/arm-none-eabi/7.3.1/thumb/v7e-m/fpv4-sp/hard/crti.o
                0x000000000800b93c                _fini
 .fini          0x000000000800b940        0x8 /opt/st/stm32cubeide_1.5.1/plugins/com.st.stm32cube.ide.mcu.externaltools.gnu-tools-for-stm32.7-2018-q2-update.linux64_1.5.0.202011040924/tools/bin/../lib/gcc/arm-none-eabi/7.3.1/thumb/v7e-m/fpv4-sp/hard/crtn.o
                0x000000000800b948                . = ALIGN (0x4)
                0x000000000800b948                _etext = .

.vfp11_veneer   0x000000000800b948        0x0
 .vfp11_veneer  0x000000000800b948        0x0 linker stubs

.v4_bx          0x000000000800b948        0x0
 .v4_bx         0x000000000800b948        0x0 linker stubs

.iplt           0x000000000800b948        0x0
 .iplt          0x000000000800b948        0x0 /opt/st/stm32cubeide_1.5.1/plugins/com.st.stm32cube.ide.mcu.externaltools.gnu-tools-for-stm32.7-2018-q2-update.linux64_1.5.0.202011040924/tools/bin/../lib/gcc/arm-none-eabi/7.3.1/thumb/v7e-m/fpv4-sp/hard/crtbegin.o

.rodata         0x000000000800b948      0x2c4
                0x000000000800b948                . = ALIGN (0x4)
 *(.rodata)
 .rodata        0x000000000800b948       0x28 Core/Src/main.o
 .rodata        0x000000000800b970       0x3b Drivers/STM32F3xx_HAL_Driver/Src/stm32f3xx_hal_cortex.o
 *fill*         0x000000000800b9ab        0x1 
 .rodata        0x000000000800b9ac       0x39 Drivers/STM32F3xx_HAL_Driver/Src/stm32f3xx_hal_gpio.o
 *fill*         0x000000000800b9e5        0x3 
 .rodata        0x000000000800b9e8       0x38 Drivers/STM32F3xx_HAL_Driver/Src/stm32f3xx_hal_i2c.o
 .rodata        0x000000000800ba20       0x3b Drivers/STM32F3xx_HAL_Driver/Src/stm32f3xx_hal_i2c_ex.o
 *fill*         0x000000000800ba5b        0x1 
 .rodata        0x000000000800ba5c       0x38 Drivers/STM32F3xx_HAL_Driver/Src/stm32f3xx_hal_pcd.o
 .rodata        0x000000000800ba94       0x38 Drivers/STM32F3xx_HAL_Driver/Src/stm32f3xx_hal_rcc.o
 .rodata        0x000000000800bacc       0x5c Drivers/STM32F3xx_HAL_Driver/Src/stm32f3xx_hal_rcc_ex.o
 .rodata        0x000000000800bb28       0x38 Drivers/STM32F3xx_HAL_Driver/Src/stm32f3xx_hal_spi.o
 .rodata        0x000000000800bb60       0x46 USB_DEVICE/App/usbd_desc.o
 *(.rodata*)
 *fill*         0x000000000800bba6        0x2 
 .rodata.AHBPrescTable
                0x000000000800bba8       0x10 Core/Src/system_stm32f3xx.o
                0x000000000800bba8                AHBPrescTable
 .rodata.aPLLMULFactorTable
                0x000000000800bbb8       0x10 Drivers/STM32F3xx_HAL_Driver/Src/stm32f3xx_hal_rcc.o
                0x000000000800bbb8                aPLLMULFactorTable
 .rodata.aPredivFactorTable
                0x000000000800bbc8       0x10 Drivers/STM32F3xx_HAL_Driver/Src/stm32f3xx_hal_rcc.o
                0x000000000800bbc8                aPredivFactorTable
 .rodata._svfprintf_r.str1.1
                0x000000000800bbd8       0x11 /opt/st/stm32cubeide_1.5.1/plugins/com.st.stm32cube.ide.mcu.externaltools.gnu-tools-for-stm32.7-2018-q2-update.linux64_1.5.0.202011040924/tools/bin/../lib/gcc/arm-none-eabi/7.3.1/../../../../arm-none-eabi/lib/thumb/v7e-m/fpv4-sp/hard/libc_nano.a(lib_a-nano-svfprintf.o)
 .rodata._printf_i.str1.1
                0x000000000800bbe9       0x22 /opt/st/stm32cubeide_1.5.1/plugins/com.st.stm32cube.ide.mcu.externaltools.gnu-tools-for-stm32.7-2018-q2-update.linux64_1.5.0.202011040924/tools/bin/../lib/gcc/arm-none-eabi/7.3.1/../../../../arm-none-eabi/lib/thumb/v7e-m/fpv4-sp/hard/libc_nano.a(lib_a-nano-vfprintf_i.o)
                0x000000000800bc0c                . = ALIGN (0x4)
 *fill*         0x000000000800bc0b        0x1 

.rel.dyn        0x000000000800bc0c        0x0
 .rel.iplt      0x000000000800bc0c        0x0 /opt/st/stm32cubeide_1.5.1/plugins/com.st.stm32cube.ide.mcu.externaltools.gnu-tools-for-stm32.7-2018-q2-update.linux64_1.5.0.202011040924/tools/bin/../lib/gcc/arm-none-eabi/7.3.1/thumb/v7e-m/fpv4-sp/hard/crtbegin.o

.ARM.extab      0x000000000800bc0c        0x0
                0x000000000800bc0c                . = ALIGN (0x4)
 *(.ARM.extab* .gnu.linkonce.armextab.*)
                0x000000000800bc0c                . = ALIGN (0x4)

.ARM            0x000000000800bc0c        0x0
                0x000000000800bc0c                . = ALIGN (0x4)
                0x000000000800bc0c                __exidx_start = .
 *(.ARM.exidx*)
                0x000000000800bc0c                __exidx_end = .
                0x000000000800bc0c                . = ALIGN (0x4)

.preinit_array  0x000000000800bc0c        0x0
                0x000000000800bc0c                . = ALIGN (0x4)
                0x000000000800bc0c                PROVIDE (__preinit_array_start = .)
 *(.preinit_array*)
                0x000000000800bc0c                PROVIDE (__preinit_array_end = .)
                0x000000000800bc0c                . = ALIGN (0x4)

.init_array     0x000000000800bc0c        0x4
                0x000000000800bc0c                . = ALIGN (0x4)
                0x000000000800bc0c                PROVIDE (__init_array_start = .)
 *(SORT_BY_NAME(.init_array.*))
 *(.init_array*)
 .init_array    0x000000000800bc0c        0x4 /opt/st/stm32cubeide_1.5.1/plugins/com.st.stm32cube.ide.mcu.externaltools.gnu-tools-for-stm32.7-2018-q2-update.linux64_1.5.0.202011040924/tools/bin/../lib/gcc/arm-none-eabi/7.3.1/thumb/v7e-m/fpv4-sp/hard/crtbegin.o
                0x000000000800bc10                PROVIDE (__init_array_end = .)
                0x000000000800bc10                . = ALIGN (0x4)

.fini_array     0x000000000800bc10        0x4
                0x000000000800bc10                . = ALIGN (0x4)
                [!provide]                        PROVIDE (__fini_array_start = .)
 *(SORT_BY_NAME(.fini_array.*))
 *(.fini_array*)
 .fini_array    0x000000000800bc10        0x4 /opt/st/stm32cubeide_1.5.1/plugins/com.st.stm32cube.ide.mcu.externaltools.gnu-tools-for-stm32.7-2018-q2-update.linux64_1.5.0.202011040924/tools/bin/../lib/gcc/arm-none-eabi/7.3.1/thumb/v7e-m/fpv4-sp/hard/crtbegin.o
                [!provide]                        PROVIDE (__fini_array_end = .)
                0x000000000800bc14                . = ALIGN (0x4)
                0x000000000800bc14                _sidata = LOADADDR (.data)

.data           0x0000000020000000      0x24c load address 0x000000000800bc14
                0x0000000020000000                . = ALIGN (0x4)
                0x0000000020000000                _sdata = .
 *(.data)
 *(.data*)
 .data.I3g4250Drv
                0x0000000020000000       0x34 Core/Src/i3g4250d.o
                0x0000000020000000                I3g4250Drv
 .data.L3gd20Drv
                0x0000000020000034       0x34 Core/Src/l3gd20.o
                0x0000000020000034                L3gd20Drv
 .data.SpixTimeout
                0x0000000020000068        0x4 Core/Src/stm32f3_discovery.o
                0x0000000020000068                SpixTimeout
 .data.SystemCoreClock
                0x000000002000006c        0x4 Core/Src/system_stm32f3xx.o
                0x000000002000006c                SystemCoreClock
 .data.uwTickPrio
                0x0000000020000070        0x4 Drivers/STM32F3xx_HAL_Driver/Src/stm32f3xx_hal.o
                0x0000000020000070                uwTickPrio
 .data.uwTickFreq
                0x0000000020000074        0x1 Drivers/STM32F3xx_HAL_Driver/Src/stm32f3xx_hal.o
                0x0000000020000074                uwTickFreq
 *fill*         0x0000000020000075        0x3 
 .data.USBD_CDC_DeviceQualifierDesc
                0x0000000020000078        0xa Middlewares/ST/STM32_USB_Device_Library/Class/CDC/Src/usbd_cdc.o
 *fill*         0x0000000020000082        0x2 
 .data.USBD_CDC
                0x0000000020000084       0x38 Middlewares/ST/STM32_USB_Device_Library/Class/CDC/Src/usbd_cdc.o
                0x0000000020000084                USBD_CDC
 .data.USBD_CDC_CfgHSDesc
                0x00000000200000bc       0x43 Middlewares/ST/STM32_USB_Device_Library/Class/CDC/Src/usbd_cdc.o
                0x00000000200000bc                USBD_CDC_CfgHSDesc
 *fill*         0x00000000200000ff        0x1 
 .data.USBD_CDC_CfgFSDesc
                0x0000000020000100       0x43 Middlewares/ST/STM32_USB_Device_Library/Class/CDC/Src/usbd_cdc.o
                0x0000000020000100                USBD_CDC_CfgFSDesc
 *fill*         0x0000000020000143        0x1 
 .data.USBD_CDC_OtherSpeedCfgDesc
                0x0000000020000144       0x43 Middlewares/ST/STM32_USB_Device_Library/Class/CDC/Src/usbd_cdc.o
                0x0000000020000144                USBD_CDC_OtherSpeedCfgDesc
 *fill*         0x0000000020000187        0x1 
 .data.USBD_Interface_fops_FS
                0x0000000020000188       0x10 USB_DEVICE/App/usbd_cdc_if.o
                0x0000000020000188                USBD_Interface_fops_FS
 .data.FS_Desc  0x0000000020000198       0x1c USB_DEVICE/App/usbd_desc.o
                0x0000000020000198                FS_Desc
 .data.USBD_FS_DeviceDesc
                0x00000000200001b4       0x12 USB_DEVICE/App/usbd_desc.o
                0x00000000200001b4                USBD_FS_DeviceDesc
 *fill*         0x00000000200001c6        0x2 
 .data.USBD_LangIDDesc
                0x00000000200001c8        0x4 USB_DEVICE/App/usbd_desc.o
                0x00000000200001c8                USBD_LangIDDesc
 .data.USBD_StringSerial
                0x00000000200001cc       0x1a USB_DEVICE/App/usbd_desc.o
                0x00000000200001cc                USBD_StringSerial
 *fill*         0x00000000200001e6        0x2 
 .data._impure_ptr
                0x00000000200001e8        0x4 /opt/st/stm32cubeide_1.5.1/plugins/com.st.stm32cube.ide.mcu.externaltools.gnu-tools-for-stm32.7-2018-q2-update.linux64_1.5.0.202011040924/tools/bin/../lib/gcc/arm-none-eabi/7.3.1/../../../../arm-none-eabi/lib/thumb/v7e-m/fpv4-sp/hard/libc_nano.a(lib_a-impure.o)
                0x00000000200001e8                _impure_ptr
 .data.impure_data
                0x00000000200001ec       0x60 /opt/st/stm32cubeide_1.5.1/plugins/com.st.stm32cube.ide.mcu.externaltools.gnu-tools-for-stm32.7-2018-q2-update.linux64_1.5.0.202011040924/tools/bin/../lib/gcc/arm-none-eabi/7.3.1/../../../../arm-none-eabi/lib/thumb/v7e-m/fpv4-sp/hard/libc_nano.a(lib_a-impure.o)
 *(.RamFunc)
 *(.RamFunc*)
                0x000000002000024c                . = ALIGN (0x4)
                0x000000002000024c                _edata = .

.igot.plt       0x000000002000024c        0x0 load address 0x000000000800be60
 .igot.plt      0x000000002000024c        0x0 /opt/st/stm32cubeide_1.5.1/plugins/com.st.stm32cube.ide.mcu.externaltools.gnu-tools-for-stm32.7-2018-q2-update.linux64_1.5.0.202011040924/tools/bin/../lib/gcc/arm-none-eabi/7.3.1/thumb/v7e-m/fpv4-sp/hard/crtbegin.o
                0x000000002000024c                . = ALIGN (0x4)

.bss            0x000000002000024c     0x13d8 load address 0x000000000800be60
                0x000000002000024c                _sbss = .
                0x000000002000024c                __bss_start__ = _sbss
 *(.bss)
 .bss           0x000000002000024c       0x1c /opt/st/stm32cubeide_1.5.1/plugins/com.st.stm32cube.ide.mcu.externaltools.gnu-tools-for-stm32.7-2018-q2-update.linux64_1.5.0.202011040924/tools/bin/../lib/gcc/arm-none-eabi/7.3.1/thumb/v7e-m/fpv4-sp/hard/crtbegin.o
 *(.bss*)
 .bss.accel_flag
                0x0000000020000268        0x1 Core/Src/main.o
                0x0000000020000268                accel_flag
 .bss.magn_flag
                0x0000000020000269        0x1 Core/Src/main.o
                0x0000000020000269                magn_flag
 .bss.gyro_flag
                0x000000002000026a        0x1 Core/Src/main.o
                0x000000002000026a                gyro_flag
 .bss.acc_transmit
                0x000000002000026b        0x1 Core/Src/main.o
                0x000000002000026b                acc_transmit
 .bss.magn_transmit
                0x000000002000026c        0x1 Core/Src/main.o
                0x000000002000026c                magn_transmit
 .bss.gyro_transmit
                0x000000002000026d        0x1 Core/Src/main.o
                0x000000002000026d                gyro_transmit
 *fill*         0x000000002000026e        0x2 
 .bss.str1      0x0000000020000270       0xc8 Core/Src/main.o
                0x0000000020000270                str1
 .bss.AccelData
                0x0000000020000338        0x6 Core/Src/main.o
                0x0000000020000338                AccelData
 *fill*         0x000000002000033e        0x2 
 .bss.MagData   0x0000000020000340        0x6 Core/Src/main.o
                0x0000000020000340                MagData
 *fill*         0x0000000020000346        0x2 
 .bss.GyroData  0x0000000020000348        0xc Core/Src/main.o
                0x0000000020000348                GyroData
 .bss.SpiHandle
                0x0000000020000354       0x64 Core/Src/stm32f3_discovery.o
 .bss.GyroscopeDrv
                0x00000000200003b8        0x4 Core/Src/stm32f3_discovery_gyroscope.o
 .bss.heap_end.6424
                0x00000000200003bc        0x4 Core/Src/sysmem.o
 .bss.cfgidx.9783
                0x00000000200003c0        0x1 Middlewares/ST/STM32_USB_Device_Library/Core/Src/usbd_ctlreq.o
 *fill*         0x00000000200003c1        0x3 
 .bss.mem.9853  0x00000000200003c4      0x220 USB_DEVICE/Target/usbd_conf.o
 .bss.__malloc_free_list
                0x00000000200005e4        0x4 /opt/st/stm32cubeide_1.5.1/plugins/com.st.stm32cube.ide.mcu.externaltools.gnu-tools-for-stm32.7-2018-q2-update.linux64_1.5.0.202011040924/tools/bin/../lib/gcc/arm-none-eabi/7.3.1/../../../../arm-none-eabi/lib/thumb/v7e-m/fpv4-sp/hard/libc_nano.a(lib_a-nano-mallocr.o)
                0x00000000200005e4                __malloc_free_list
 .bss.__malloc_sbrk_start
                0x00000000200005e8        0x4 /opt/st/stm32cubeide_1.5.1/plugins/com.st.stm32cube.ide.mcu.externaltools.gnu-tools-for-stm32.7-2018-q2-update.linux64_1.5.0.202011040924/tools/bin/../lib/gcc/arm-none-eabi/7.3.1/../../../../arm-none-eabi/lib/thumb/v7e-m/fpv4-sp/hard/libc_nano.a(lib_a-nano-mallocr.o)
                0x00000000200005e8                __malloc_sbrk_start
 *(COMMON)
 COMMON         0x00000000200005ec       0x4c Core/Src/i2c.o
                0x00000000200005ec                hi2c1
 COMMON         0x0000000020000638       0x64 Core/Src/spi.o
                0x0000000020000638                hspi1
 COMMON         0x000000002000069c        0x4 Drivers/STM32F3xx_HAL_Driver/Src/stm32f3xx_hal.o
                0x000000002000069c                uwTick
 COMMON         0x00000000200006a0      0x2c4 USB_DEVICE/App/usb_device.o
                0x00000000200006a0                hUsbDeviceFS
 COMMON         0x0000000020000964      0x7d0 USB_DEVICE/App/usbd_cdc_if.o
                0x0000000020000964                UserRxBufferFS
                0x0000000020000d4c                UserTxBufferFS
 COMMON         0x0000000020001134      0x200 USB_DEVICE/App/usbd_desc.o
                0x0000000020001134                USBD_StrDesc
 COMMON         0x0000000020001334      0x2ec USB_DEVICE/Target/usbd_conf.o
                0x0000000020001334                hpcd_USB_FS
 COMMON         0x0000000020001620        0x4 /opt/st/stm32cubeide_1.5.1/plugins/com.st.stm32cube.ide.mcu.externaltools.gnu-tools-for-stm32.7-2018-q2-update.linux64_1.5.0.202011040924/tools/bin/../lib/gcc/arm-none-eabi/7.3.1/../../../../arm-none-eabi/lib/thumb/v7e-m/fpv4-sp/hard/libc_nano.a(lib_a-reent.o)
                0x0000000020001620                errno
                0x0000000020001624                . = ALIGN (0x4)
                0x0000000020001624                _ebss = .
                0x0000000020001624                __bss_end__ = _ebss

._user_heap_stack
                0x0000000020001624     0x6004 load address 0x000000000800be60
                0x0000000020001628                . = ALIGN (0x8)
 *fill*         0x0000000020001624        0x4 
                0x0000000020001628                PROVIDE (end = .)
                [!provide]                        PROVIDE (_end = .)
                0x0000000020003628                . = (. + _Min_Heap_Size)
 *fill*         0x0000000020001628     0x2000 
                0x0000000020007628                . = (. + _Min_Stack_Size)
 *fill*         0x0000000020003628     0x4000 
                0x0000000020007628                . = ALIGN (0x8)

/DISCARD/
 libc.a(*)
 libm.a(*)
 libgcc.a(*)

.ARM.attributes
                0x0000000000000000       0x30
 *(.ARM.attributes)
 .ARM.attributes
                0x0000000000000000       0x22 /opt/st/stm32cubeide_1.5.1/plugins/com.st.stm32cube.ide.mcu.externaltools.gnu-tools-for-stm32.7-2018-q2-update.linux64_1.5.0.202011040924/tools/bin/../lib/gcc/arm-none-eabi/7.3.1/thumb/v7e-m/fpv4-sp/hard/crti.o
 .ARM.attributes
                0x0000000000000022       0x34 /opt/st/stm32cubeide_1.5.1/plugins/com.st.stm32cube.ide.mcu.externaltools.gnu-tools-for-stm32.7-2018-q2-update.linux64_1.5.0.202011040924/tools/bin/../lib/gcc/arm-none-eabi/7.3.1/thumb/v7e-m/fpv4-sp/hard/crtbegin.o
 .ARM.attributes
                0x0000000000000056       0x39 Core/Src/gpio.o
 .ARM.attributes
                0x000000000000008f       0x39 Core/Src/i2c.o
 .ARM.attributes
                0x00000000000000c8       0x39 Core/Src/i3g4250d.o
 .ARM.attributes
                0x0000000000000101       0x39 Core/Src/l3gd20.o
 .ARM.attributes
                0x000000000000013a       0x39 Core/Src/main.o
 .ARM.attributes
                0x0000000000000173       0x39 Core/Src/spi.o
 .ARM.attributes
                0x00000000000001ac       0x39 Core/Src/stm32f3_discovery.o
 .ARM.attributes
                0x00000000000001e5       0x39 Core/Src/stm32f3_discovery_gyroscope.o
 .ARM.attributes
                0x000000000000021e       0x39 Core/Src/stm32f3xx_hal_msp.o
 .ARM.attributes
                0x0000000000000257       0x39 Core/Src/stm32f3xx_it.o
 .ARM.attributes
                0x0000000000000290       0x39 Core/Src/sysmem.o
 .ARM.attributes
                0x00000000000002c9       0x39 Core/Src/system_stm32f3xx.o
 .ARM.attributes
                0x0000000000000302       0x21 Core/Startup/startup_stm32f303vctx.o
 .ARM.attributes
                0x0000000000000323       0x39 Drivers/STM32F3xx_HAL_Driver/Src/stm32f3xx_hal.o
 .ARM.attributes
                0x000000000000035c       0x39 Drivers/STM32F3xx_HAL_Driver/Src/stm32f3xx_hal_cortex.o
 .ARM.attributes
                0x0000000000000395       0x39 Drivers/STM32F3xx_HAL_Driver/Src/stm32f3xx_hal_gpio.o
 .ARM.attributes
                0x00000000000003ce       0x39 Drivers/STM32F3xx_HAL_Driver/Src/stm32f3xx_hal_i2c.o
 .ARM.attributes
                0x0000000000000407       0x39 Drivers/STM32F3xx_HAL_Driver/Src/stm32f3xx_hal_i2c_ex.o
 .ARM.attributes
                0x0000000000000440       0x39 Drivers/STM32F3xx_HAL_Driver/Src/stm32f3xx_hal_pcd.o
 .ARM.attributes
                0x0000000000000479       0x39 Drivers/STM32F3xx_HAL_Driver/Src/stm32f3xx_hal_pcd_ex.o
 .ARM.attributes
                0x00000000000004b2       0x39 Drivers/STM32F3xx_HAL_Driver/Src/stm32f3xx_hal_rcc.o
 .ARM.attributes
                0x00000000000004eb       0x39 Drivers/STM32F3xx_HAL_Driver/Src/stm32f3xx_hal_rcc_ex.o
 .ARM.attributes
                0x0000000000000524       0x39 Drivers/STM32F3xx_HAL_Driver/Src/stm32f3xx_hal_spi.o
 .ARM.attributes
                0x000000000000055d       0x39 Drivers/STM32F3xx_HAL_Driver/Src/stm32f3xx_ll_usb.o
 .ARM.attributes
                0x0000000000000596       0x39 Middlewares/ST/STM32_USB_Device_Library/Class/CDC/Src/usbd_cdc.o
 .ARM.attributes
                0x00000000000005cf       0x39 Middlewares/ST/STM32_USB_Device_Library/Core/Src/usbd_core.o
 .ARM.attributes
                0x0000000000000608       0x39 Middlewares/ST/STM32_USB_Device_Library/Core/Src/usbd_ctlreq.o
 .ARM.attributes
                0x0000000000000641       0x39 Middlewares/ST/STM32_USB_Device_Library/Core/Src/usbd_ioreq.o
 .ARM.attributes
                0x000000000000067a       0x39 USB_DEVICE/App/usb_device.o
 .ARM.attributes
                0x00000000000006b3       0x39 USB_DEVICE/App/usbd_cdc_if.o
 .ARM.attributes
                0x00000000000006ec       0x39 USB_DEVICE/App/usbd_desc.o
 .ARM.attributes
                0x0000000000000725       0x39 USB_DEVICE/Target/usbd_conf.o
 .ARM.attributes
                0x000000000000075e       0x34 /opt/st/stm32cubeide_1.5.1/plugins/com.st.stm32cube.ide.mcu.externaltools.gnu-tools-for-stm32.7-2018-q2-update.linux64_1.5.0.202011040924/tools/bin/../lib/gcc/arm-none-eabi/7.3.1/../../../../arm-none-eabi/lib/thumb/v7e-m/fpv4-sp/hard/libc_nano.a(lib_a-errno.o)
 .ARM.attributes
                0x0000000000000792       0x34 /opt/st/stm32cubeide_1.5.1/plugins/com.st.stm32cube.ide.mcu.externaltools.gnu-tools-for-stm32.7-2018-q2-update.linux64_1.5.0.202011040924/tools/bin/../lib/gcc/arm-none-eabi/7.3.1/../../../../arm-none-eabi/lib/thumb/v7e-m/fpv4-sp/hard/libc_nano.a(lib_a-impure.o)
 .ARM.attributes
                0x00000000000007c6       0x34 /opt/st/stm32cubeide_1.5.1/plugins/com.st.stm32cube.ide.mcu.externaltools.gnu-tools-for-stm32.7-2018-q2-update.linux64_1.5.0.202011040924/tools/bin/../lib/gcc/arm-none-eabi/7.3.1/../../../../arm-none-eabi/lib/thumb/v7e-m/fpv4-sp/hard/libc_nano.a(lib_a-init.o)
 .ARM.attributes
                0x00000000000007fa       0x34 /opt/st/stm32cubeide_1.5.1/plugins/com.st.stm32cube.ide.mcu.externaltools.gnu-tools-for-stm32.7-2018-q2-update.linux64_1.5.0.202011040924/tools/bin/../lib/gcc/arm-none-eabi/7.3.1/../../../../arm-none-eabi/lib/thumb/v7e-m/fpv4-sp/hard/libc_nano.a(lib_a-memset.o)
 .ARM.attributes
                0x000000000000082e       0x34 /opt/st/stm32cubeide_1.5.1/plugins/com.st.stm32cube.ide.mcu.externaltools.gnu-tools-for-stm32.7-2018-q2-update.linux64_1.5.0.202011040924/tools/bin/../lib/gcc/arm-none-eabi/7.3.1/../../../../arm-none-eabi/lib/thumb/v7e-m/fpv4-sp/hard/libc_nano.a(lib_a-sprintf.o)
 .ARM.attributes
                0x0000000000000862       0x1b /opt/st/stm32cubeide_1.5.1/plugins/com.st.stm32cube.ide.mcu.externaltools.gnu-tools-for-stm32.7-2018-q2-update.linux64_1.5.0.202011040924/tools/bin/../lib/gcc/arm-none-eabi/7.3.1/../../../../arm-none-eabi/lib/thumb/v7e-m/fpv4-sp/hard/libc_nano.a(lib_a-strlen.o)
 .ARM.attributes
                0x000000000000087d       0x34 /opt/st/stm32cubeide_1.5.1/plugins/com.st.stm32cube.ide.mcu.externaltools.gnu-tools-for-stm32.7-2018-q2-update.linux64_1.5.0.202011040924/tools/bin/../lib/gcc/arm-none-eabi/7.3.1/../../../../arm-none-eabi/lib/thumb/v7e-m/fpv4-sp/hard/libc_nano.a(lib_a-nano-svfprintf.o)
 .ARM.attributes
                0x00000000000008b1       0x34 /opt/st/stm32cubeide_1.5.1/plugins/com.st.stm32cube.ide.mcu.externaltools.gnu-tools-for-stm32.7-2018-q2-update.linux64_1.5.0.202011040924/tools/bin/../lib/gcc/arm-none-eabi/7.3.1/../../../../arm-none-eabi/lib/thumb/v7e-m/fpv4-sp/hard/libc_nano.a(lib_a-nano-vfprintf_i.o)
 .ARM.attributes
                0x00000000000008e5       0x20 /opt/st/stm32cubeide_1.5.1/plugins/com.st.stm32cube.ide.mcu.externaltools.gnu-tools-for-stm32.7-2018-q2-update.linux64_1.5.0.202011040924/tools/bin/../lib/gcc/arm-none-eabi/7.3.1/../../../../arm-none-eabi/lib/thumb/v7e-m/fpv4-sp/hard/libc_nano.a(lib_a-memchr.o)
 .ARM.attributes
                0x0000000000000905       0x34 /opt/st/stm32cubeide_1.5.1/plugins/com.st.stm32cube.ide.mcu.externaltools.gnu-tools-for-stm32.7-2018-q2-update.linux64_1.5.0.202011040924/tools/bin/../lib/gcc/arm-none-eabi/7.3.1/../../../../arm-none-eabi/lib/thumb/v7e-m/fpv4-sp/hard/libc_nano.a(lib_a-memcpy-stub.o)
 .ARM.attributes
                0x0000000000000939       0x34 /opt/st/stm32cubeide_1.5.1/plugins/com.st.stm32cube.ide.mcu.externaltools.gnu-tools-for-stm32.7-2018-q2-update.linux64_1.5.0.202011040924/tools/bin/../lib/gcc/arm-none-eabi/7.3.1/../../../../arm-none-eabi/lib/thumb/v7e-m/fpv4-sp/hard/libc_nano.a(lib_a-memmove.o)
 .ARM.attributes
                0x000000000000096d       0x34 /opt/st/stm32cubeide_1.5.1/plugins/com.st.stm32cube.ide.mcu.externaltools.gnu-tools-for-stm32.7-2018-q2-update.linux64_1.5.0.202011040924/tools/bin/../lib/gcc/arm-none-eabi/7.3.1/../../../../arm-none-eabi/lib/thumb/v7e-m/fpv4-sp/hard/libc_nano.a(lib_a-nano-freer.o)
 .ARM.attributes
                0x00000000000009a1       0x34 /opt/st/stm32cubeide_1.5.1/plugins/com.st.stm32cube.ide.mcu.externaltools.gnu-tools-for-stm32.7-2018-q2-update.linux64_1.5.0.202011040924/tools/bin/../lib/gcc/arm-none-eabi/7.3.1/../../../../arm-none-eabi/lib/thumb/v7e-m/fpv4-sp/hard/libc_nano.a(lib_a-nano-mallocr.o)
 .ARM.attributes
                0x00000000000009d5       0x34 /opt/st/stm32cubeide_1.5.1/plugins/com.st.stm32cube.ide.mcu.externaltools.gnu-tools-for-stm32.7-2018-q2-update.linux64_1.5.0.202011040924/tools/bin/../lib/gcc/arm-none-eabi/7.3.1/../../../../arm-none-eabi/lib/thumb/v7e-m/fpv4-sp/hard/libc_nano.a(lib_a-nano-reallocr.o)
 .ARM.attributes
                0x0000000000000a09       0x34 /opt/st/stm32cubeide_1.5.1/plugins/com.st.stm32cube.ide.mcu.externaltools.gnu-tools-for-stm32.7-2018-q2-update.linux64_1.5.0.202011040924/tools/bin/../lib/gcc/arm-none-eabi/7.3.1/../../../../arm-none-eabi/lib/thumb/v7e-m/fpv4-sp/hard/libc_nano.a(lib_a-sbrkr.o)
 .ARM.attributes
                0x0000000000000a3d       0x34 /opt/st/stm32cubeide_1.5.1/plugins/com.st.stm32cube.ide.mcu.externaltools.gnu-tools-for-stm32.7-2018-q2-update.linux64_1.5.0.202011040924/tools/bin/../lib/gcc/arm-none-eabi/7.3.1/../../../../arm-none-eabi/lib/thumb/v7e-m/fpv4-sp/hard/libc_nano.a(lib_a-mlock.o)
 .ARM.attributes
                0x0000000000000a71       0x34 /opt/st/stm32cubeide_1.5.1/plugins/com.st.stm32cube.ide.mcu.externaltools.gnu-tools-for-stm32.7-2018-q2-update.linux64_1.5.0.202011040924/tools/bin/../lib/gcc/arm-none-eabi/7.3.1/../../../../arm-none-eabi/lib/thumb/v7e-m/fpv4-sp/hard/libc_nano.a(lib_a-nano-msizer.o)
 .ARM.attributes
                0x0000000000000aa5       0x34 /opt/st/stm32cubeide_1.5.1/plugins/com.st.stm32cube.ide.mcu.externaltools.gnu-tools-for-stm32.7-2018-q2-update.linux64_1.5.0.202011040924/tools/bin/../lib/gcc/arm-none-eabi/7.3.1/../../../../arm-none-eabi/lib/thumb/v7e-m/fpv4-sp/hard/libc_nano.a(lib_a-reent.o)
 .ARM.attributes
                0x0000000000000ad9       0x22 /opt/st/stm32cubeide_1.5.1/plugins/com.st.stm32cube.ide.mcu.externaltools.gnu-tools-for-stm32.7-2018-q2-update.linux64_1.5.0.202011040924/tools/bin/../lib/gcc/arm-none-eabi/7.3.1/thumb/v7e-m/fpv4-sp/hard/crtn.o
OUTPUT(AngleTracker_V1.elf elf32-littlearm)

.debug_info     0x0000000000000000    0x1af1d
 .debug_info    0x0000000000000000      0x3eb Core/Src/gpio.o
 .debug_info    0x00000000000003eb      0x8eb Core/Src/i2c.o
 .debug_info    0x0000000000000cd6      0x481 Core/Src/i3g4250d.o
 .debug_info    0x0000000000001157      0x484 Core/Src/l3gd20.o
 .debug_info    0x00000000000015db     0x2030 Core/Src/main.o
 .debug_info    0x000000000000360b      0x8b6 Core/Src/spi.o
 .debug_info    0x0000000000003ec1     0x14a0 Core/Src/stm32f3_discovery.o
 .debug_info    0x0000000000005361      0x505 Core/Src/stm32f3_discovery_gyroscope.o
 .debug_info    0x0000000000005866      0x278 Core/Src/stm32f3xx_hal_msp.o
 .debug_info    0x0000000000005ade      0x6cf Core/Src/stm32f3xx_it.o
 .debug_info    0x00000000000061ad      0x91c Core/Src/sysmem.o
 .debug_info    0x0000000000006ac9      0x45c Core/Src/system_stm32f3xx.o
 .debug_info    0x0000000000006f25       0x22 Core/Startup/startup_stm32f303vctx.o
 .debug_info    0x0000000000006f47      0x7e2 Drivers/STM32F3xx_HAL_Driver/Src/stm32f3xx_hal.o
 .debug_info    0x0000000000007729      0xdaf Drivers/STM32F3xx_HAL_Driver/Src/stm32f3xx_hal_cortex.o
 .debug_info    0x00000000000084d8      0x70b Drivers/STM32F3xx_HAL_Driver/Src/stm32f3xx_hal_gpio.o
 .debug_info    0x0000000000008be3     0x1fe5 Drivers/STM32F3xx_HAL_Driver/Src/stm32f3xx_hal_i2c.o
 .debug_info    0x000000000000abc8      0x8de Drivers/STM32F3xx_HAL_Driver/Src/stm32f3xx_hal_i2c_ex.o
 .debug_info    0x000000000000b4a6     0x124b Drivers/STM32F3xx_HAL_Driver/Src/stm32f3xx_hal_pcd.o
 .debug_info    0x000000000000c6f1      0x77b Drivers/STM32F3xx_HAL_Driver/Src/stm32f3xx_hal_pcd_ex.o
 .debug_info    0x000000000000ce6c     0x180f Drivers/STM32F3xx_HAL_Driver/Src/stm32f3xx_hal_rcc.o
 .debug_info    0x000000000000e67b      0x6ad Drivers/STM32F3xx_HAL_Driver/Src/stm32f3xx_hal_rcc_ex.o
 .debug_info    0x000000000000ed28     0x167f Drivers/STM32F3xx_HAL_Driver/Src/stm32f3xx_hal_spi.o
 .debug_info    0x00000000000103a7     0x161e Drivers/STM32F3xx_HAL_Driver/Src/stm32f3xx_ll_usb.o
 .debug_info    0x00000000000119c5     0x17ac Middlewares/ST/STM32_USB_Device_Library/Class/CDC/Src/usbd_cdc.o
 .debug_info    0x0000000000013171     0x11d5 Middlewares/ST/STM32_USB_Device_Library/Core/Src/usbd_core.o
 .debug_info    0x0000000000014346     0x1145 Middlewares/ST/STM32_USB_Device_Library/Core/Src/usbd_ctlreq.o
 .debug_info    0x000000000001548b      0xf36 Middlewares/ST/STM32_USB_Device_Library/Core/Src/usbd_ioreq.o
 .debug_info    0x00000000000163c1      0xe7e USB_DEVICE/App/usb_device.o
 .debug_info    0x000000000001723f     0x1039 USB_DEVICE/App/usbd_cdc_if.o
 .debug_info    0x0000000000018278      0xd1a USB_DEVICE/App/usbd_desc.o
 .debug_info    0x0000000000018f92     0x1f8b USB_DEVICE/Target/usbd_conf.o

.debug_abbrev   0x0000000000000000     0x3f43
 .debug_abbrev  0x0000000000000000      0x134 Core/Src/gpio.o
 .debug_abbrev  0x0000000000000134      0x1a4 Core/Src/i2c.o
 .debug_abbrev  0x00000000000002d8      0x1b0 Core/Src/i3g4250d.o
 .debug_abbrev  0x0000000000000488      0x1b0 Core/Src/l3gd20.o
 .debug_abbrev  0x0000000000000638      0x356 Core/Src/main.o
 .debug_abbrev  0x000000000000098e      0x199 Core/Src/spi.o
 .debug_abbrev  0x0000000000000b27      0x25e Core/Src/stm32f3_discovery.o
 .debug_abbrev  0x0000000000000d85      0x1a4 Core/Src/stm32f3_discovery_gyroscope.o
 .debug_abbrev  0x0000000000000f29      0x109 Core/Src/stm32f3xx_hal_msp.o
 .debug_abbrev  0x0000000000001032      0x155 Core/Src/stm32f3xx_it.o
 .debug_abbrev  0x0000000000001187      0x1bb Core/Src/sysmem.o
 .debug_abbrev  0x0000000000001342      0x12b Core/Src/system_stm32f3xx.o
 .debug_abbrev  0x000000000000146d       0x12 Core/Startup/startup_stm32f303vctx.o
 .debug_abbrev  0x000000000000147f      0x1c7 Drivers/STM32F3xx_HAL_Driver/Src/stm32f3xx_hal.o
 .debug_abbrev  0x0000000000001646      0x2fa Drivers/STM32F3xx_HAL_Driver/Src/stm32f3xx_hal_cortex.o
 .debug_abbrev  0x0000000000001940      0x1c0 Drivers/STM32F3xx_HAL_Driver/Src/stm32f3xx_hal_gpio.o
 .debug_abbrev  0x0000000000001b00      0x22a Drivers/STM32F3xx_HAL_Driver/Src/stm32f3xx_hal_i2c.o
 .debug_abbrev  0x0000000000001d2a      0x1b9 Drivers/STM32F3xx_HAL_Driver/Src/stm32f3xx_hal_i2c_ex.o
 .debug_abbrev  0x0000000000001ee3      0x282 Drivers/STM32F3xx_HAL_Driver/Src/stm32f3xx_hal_pcd.o
 .debug_abbrev  0x0000000000002165      0x188 Drivers/STM32F3xx_HAL_Driver/Src/stm32f3xx_hal_pcd_ex.o
 .debug_abbrev  0x00000000000022ed      0x28c Drivers/STM32F3xx_HAL_Driver/Src/stm32f3xx_hal_rcc.o
 .debug_abbrev  0x0000000000002579      0x219 Drivers/STM32F3xx_HAL_Driver/Src/stm32f3xx_hal_rcc_ex.o
 .debug_abbrev  0x0000000000002792      0x228 Drivers/STM32F3xx_HAL_Driver/Src/stm32f3xx_hal_spi.o
 .debug_abbrev  0x00000000000029ba      0x22a Drivers/STM32F3xx_HAL_Driver/Src/stm32f3xx_ll_usb.o
 .debug_abbrev  0x0000000000002be4      0x2b6 Middlewares/ST/STM32_USB_Device_Library/Class/CDC/Src/usbd_cdc.o
 .debug_abbrev  0x0000000000002e9a      0x270 Middlewares/ST/STM32_USB_Device_Library/Core/Src/usbd_core.o
 .debug_abbrev  0x000000000000310a      0x2a0 Middlewares/ST/STM32_USB_Device_Library/Core/Src/usbd_ctlreq.o
 .debug_abbrev  0x00000000000033aa      0x1e0 Middlewares/ST/STM32_USB_Device_Library/Core/Src/usbd_ioreq.o
 .debug_abbrev  0x000000000000358a      0x1be USB_DEVICE/App/usb_device.o
 .debug_abbrev  0x0000000000003748      0x285 USB_DEVICE/App/usbd_cdc_if.o
 .debug_abbrev  0x00000000000039cd      0x290 USB_DEVICE/App/usbd_desc.o
 .debug_abbrev  0x0000000000003c5d      0x2e6 USB_DEVICE/Target/usbd_conf.o

.debug_aranges  0x0000000000000000     0x1210
 .debug_aranges
                0x0000000000000000       0x20 Core/Src/gpio.o
 .debug_aranges
                0x0000000000000020       0x30 Core/Src/i2c.o
 .debug_aranges
                0x0000000000000050       0x78 Core/Src/i3g4250d.o
 .debug_aranges
                0x00000000000000c8       0x78 Core/Src/l3gd20.o
 .debug_aranges
                0x0000000000000140       0x98 Core/Src/main.o
 .debug_aranges
                0x00000000000001d8       0x30 Core/Src/spi.o
 .debug_aranges
                0x0000000000000208       0xd0 Core/Src/stm32f3_discovery.o
 .debug_aranges
                0x00000000000002d8       0x50 Core/Src/stm32f3_discovery_gyroscope.o
 .debug_aranges
                0x0000000000000328       0x20 Core/Src/stm32f3xx_hal_msp.o
 .debug_aranges
                0x0000000000000348       0x80 Core/Src/stm32f3xx_it.o
 .debug_aranges
                0x00000000000003c8       0x20 Core/Src/sysmem.o
 .debug_aranges
                0x00000000000003e8       0x28 Core/Src/system_stm32f3xx.o
 .debug_aranges
                0x0000000000000410       0x28 Core/Startup/startup_stm32f303vctx.o
 .debug_aranges
                0x0000000000000438       0xe0 Drivers/STM32F3xx_HAL_Driver/Src/stm32f3xx_hal.o
 .debug_aranges
                0x0000000000000518      0x118 Drivers/STM32F3xx_HAL_Driver/Src/stm32f3xx_hal_cortex.o
 .debug_aranges
                0x0000000000000630       0x58 Drivers/STM32F3xx_HAL_Driver/Src/stm32f3xx_hal_gpio.o
 .debug_aranges
                0x0000000000000688      0x290 Drivers/STM32F3xx_HAL_Driver/Src/stm32f3xx_hal_i2c.o
 .debug_aranges
                0x0000000000000918       0x48 Drivers/STM32F3xx_HAL_Driver/Src/stm32f3xx_hal_i2c_ex.o
 .debug_aranges
                0x0000000000000960      0x138 Drivers/STM32F3xx_HAL_Driver/Src/stm32f3xx_hal_pcd.o
 .debug_aranges
                0x0000000000000a98       0x38 Drivers/STM32F3xx_HAL_Driver/Src/stm32f3xx_hal_pcd_ex.o
 .debug_aranges
                0x0000000000000ad0       0x88 Drivers/STM32F3xx_HAL_Driver/Src/stm32f3xx_hal_rcc.o
 .debug_aranges
                0x0000000000000b58       0x38 Drivers/STM32F3xx_HAL_Driver/Src/stm32f3xx_hal_rcc_ex.o
 .debug_aranges
                0x0000000000000b90      0x1d8 Drivers/STM32F3xx_HAL_Driver/Src/stm32f3xx_hal_spi.o
 .debug_aranges
                0x0000000000000d68       0xb0 Drivers/STM32F3xx_HAL_Driver/Src/stm32f3xx_ll_usb.o
 .debug_aranges
                0x0000000000000e18       0x90 Middlewares/ST/STM32_USB_Device_Library/Class/CDC/Src/usbd_cdc.o
 .debug_aranges
                0x0000000000000ea8       0xb8 Middlewares/ST/STM32_USB_Device_Library/Core/Src/usbd_core.o
 .debug_aranges
                0x0000000000000f60       0x88 Middlewares/ST/STM32_USB_Device_Library/Core/Src/usbd_ctlreq.o
 .debug_aranges
                0x0000000000000fe8       0x50 Middlewares/ST/STM32_USB_Device_Library/Core/Src/usbd_ioreq.o
 .debug_aranges
                0x0000000000001038       0x20 USB_DEVICE/App/usb_device.o
 .debug_aranges
                0x0000000000001058       0x40 USB_DEVICE/App/usbd_cdc_if.o
 .debug_aranges
                0x0000000000001098       0x60 USB_DEVICE/App/usbd_desc.o
 .debug_aranges
                0x00000000000010f8      0x118 USB_DEVICE/Target/usbd_conf.o

.debug_ranges   0x0000000000000000     0x1018
 .debug_ranges  0x0000000000000000       0x10 Core/Src/gpio.o
 .debug_ranges  0x0000000000000010       0x20 Core/Src/i2c.o
 .debug_ranges  0x0000000000000030       0x68 Core/Src/i3g4250d.o
 .debug_ranges  0x0000000000000098       0x68 Core/Src/l3gd20.o
 .debug_ranges  0x0000000000000100       0x88 Core/Src/main.o
 .debug_ranges  0x0000000000000188       0x20 Core/Src/spi.o
 .debug_ranges  0x00000000000001a8       0xc0 Core/Src/stm32f3_discovery.o
 .debug_ranges  0x0000000000000268       0x40 Core/Src/stm32f3_discovery_gyroscope.o
 .debug_ranges  0x00000000000002a8       0x10 Core/Src/stm32f3xx_hal_msp.o
 .debug_ranges  0x00000000000002b8       0x70 Core/Src/stm32f3xx_it.o
 .debug_ranges  0x0000000000000328       0x10 Core/Src/sysmem.o
 .debug_ranges  0x0000000000000338       0x18 Core/Src/system_stm32f3xx.o